###############################################################################
#                                                                             #
# IAR ANSI C/C++ Compiler V6.60.1.5097/W32 for ARM      13/Aug/2014  11:09:23 #
# Copyright 1999-2013 IAR Systems AB.                                         #
#                                                                             #
#    Cpu mode     =  thumb                                                    #
#    Endian       =  little                                                   #
#    Source file  =  C:\Users\pc\Desktop\¼ÌÐø×öµÄÊÂÇé\ËÄÐýÒí·ÉÐÐÆ÷ -          #
#                    TM4123G\´úÂë\Ò£¿ØÆ÷\ShunAn2\GR_ControlPads.c             #
#    Command line =  "C:\Users\pc\Desktop\¼ÌÐø×öµÄÊÂÇé\ËÄÐýÒí·ÉÐÐÆ÷ -         #
#                    TM4123G\´úÂë\Ò£¿ØÆ÷\ShunAn2\GR_ControlPads.c" -D IAR -D  #
#                    ShunAn2 -lCN "C:\Users\pc\Desktop\¼ÌÐø×öµÄÊÂÇé\ËÄÐýÒí·ÉÐ #
#                    ÐÆ÷ - TM4123G\´úÂë\Ò£¿ØÆ÷\FLASH_1M\List\" -lB            #
#                    "C:\Users\pc\Desktop\¼ÌÐø×öµÄÊÂÇé\ËÄÐýÒí·ÉÐÐÆ÷ -         #
#                    TM4123G\´úÂë\Ò£¿ØÆ÷\FLASH_1M\List\" -o                   #
#                    "C:\Users\pc\Desktop\¼ÌÐø×öµÄÊÂÇé\ËÄÐýÒí·ÉÐÐÆ÷ -         #
#                    TM4123G\´úÂë\Ò£¿ØÆ÷\FLASH_1M\Obj\" --no_cse --no_unroll  #
#                    --no_inline --no_code_motion --no_tbaa --no_clustering   #
#                    --no_scheduling --debug --endian=little --cpu=Cortex-M4  #
#                    -e --fpu=None --dlib_config "C:\Program Files (x86)\IAR  #
#                    Systems\Embedded Workbench 6.5\arm\INC\c\DLib_Config_Nor #
#                    mal.h" -I "C:\Users\pc\Desktop\¼ÌÐø×öµÄÊÂÇé\ËÄÐýÒí·ÉÐÐÆ÷ #
#                     - TM4123G\´úÂë\Ò£¿ØÆ÷\ShunAn2\" -I                      #
#                    "C:\Users\pc\Desktop\¼ÌÐø×öµÄÊÂÇé\ËÄÐýÒí·ÉÐÐÆ÷ -         #
#                    TM4123G\´úÂë\Ò£¿ØÆ÷\Library\" -I                         #
#                    "C:\Users\pc\Desktop\¼ÌÐø×öµÄÊÂÇé\ËÄÐýÒí·ÉÐÐÆ÷ -         #
#                    TM4123G\´úÂë\Ò£¿ØÆ÷\Library\BlessedAlien\" -Ol           #
#                    --use_c++_inline                                         #
#    List file    =  C:\Users\pc\Desktop\¼ÌÐø×öµÄÊÂÇé\ËÄÐýÒí·ÉÐÐÆ÷ -          #
#                    TM4123G\´úÂë\Ò£¿ØÆ÷\FLASH_1M\List\GR_ControlPads.lst     #
#    Object file  =  C:\Users\pc\Desktop\¼ÌÐø×öµÄÊÂÇé\ËÄÐýÒí·ÉÐÐÆ÷ -          #
#                    TM4123G\´úÂë\Ò£¿ØÆ÷\FLASH_1M\Obj\GR_ControlPads.o        #
#                                                                             #
#                                                                             #
###############################################################################

C:\Users\pc\Desktop\¼ÌÐø×öµÄÊÂÇé\ËÄÐýÒí·ÉÐÐÆ÷ - TM4123G\´úÂë\Ò£¿ØÆ÷\ShunAn2\GR_ControlPads.c
      1          #include "GR_ControlPads.h"
      2          

   \                                 In section .bss, align 4
      3          Control g_Control;
   \                     g_Control:
   \   00000000                      DS8 8


   Section sizes:

   Bytes  Function/Label
   -----  --------------
       8  g_Control

 
 8 bytes in section .bss
 
 8 bytes of DATA memory

Errors: none
Warnings: none
