###############################################################################
#                                                                             #
# IAR ANSI C/C++ Compiler V6.60.1.5097/W32 for ARM      16/Aug/2014  22:11:18 #
# Copyright 1999-2013 IAR Systems AB.                                         #
#                                                                             #
#    Cpu mode     =  thumb                                                    #
#    Endian       =  little                                                   #
#    Source file  =  C:\Users\pc\Desktop\继续做的事情\四旋翼飞行器 -          #
#                    TM4123G\代码\遥控器\ShunAn2\main.c                       #
#    Command line =  "C:\Users\pc\Desktop\继续做的事情\四旋翼飞行器 -         #
#                    TM4123G\代码\遥控器\ShunAn2\main.c" -D IAR -D ShunAn2    #
#                    -lCN "C:\Users\pc\Desktop\继续做的事情\四旋翼飞行器 -    #
#                    TM4123G\代码\遥控器\FLASH_1M\List\" -lB                  #
#                    "C:\Users\pc\Desktop\继续做的事情\四旋翼飞行器 -         #
#                    TM4123G\代码\遥控器\FLASH_1M\List\" -o                   #
#                    "C:\Users\pc\Desktop\继续做的事情\四旋翼飞行器 -         #
#                    TM4123G\代码\遥控器\FLASH_1M\Obj\" --no_cse --no_unroll  #
#                    --no_inline --no_code_motion --no_tbaa --no_clustering   #
#                    --no_scheduling --debug --endian=little --cpu=Cortex-M4  #
#                    -e --fpu=None --dlib_config "C:\Program Files (x86)\IAR  #
#                    Systems\Embedded Workbench 6.5\arm\INC\c\DLib_Config_Nor #
#                    mal.h" -I "C:\Users\pc\Desktop\继续做的事情\四旋翼飞行器 #
#                     - TM4123G\代码\遥控器\ShunAn2\" -I                      #
#                    "C:\Users\pc\Desktop\继续做的事情\四旋翼飞行器 -         #
#                    TM4123G\代码\遥控器\Library\" -I                         #
#                    "C:\Users\pc\Desktop\继续做的事情\四旋翼飞行器 -         #
#                    TM4123G\代码\遥控器\Library\BlessedAlien\" -Ol           #
#                    --use_c++_inline                                         #
#    List file    =  C:\Users\pc\Desktop\继续做的事情\四旋翼飞行器 -          #
#                    TM4123G\代码\遥控器\FLASH_1M\List\main.lst               #
#    Object file  =  C:\Users\pc\Desktop\继续做的事情\四旋翼飞行器 -          #
#                    TM4123G\代码\遥控器\FLASH_1M\Obj\main.o                  #
#                                                                             #
#                                                                             #
###############################################################################

C:\Users\pc\Desktop\继续做的事情\四旋翼飞行器 - TM4123G\代码\遥控器\ShunAn2\main.c
      1          /*
      2          *文件名：              main.c
      3          *说明：                顺暗2号main文件
      4          *所用芯片型号：        MK60FX512VQL15
      5          *创建时间：            2014/5/20
      6          *作者：                中南大学弓箭
      7          */
      8          #include "GR_OLEDx11_12.h"
      9          #include "GR_Buttonx11_12.h"
     10          #include "GR_CCDx11_12.h"
     11          //#include "GodRecognitionx11_12.h"
     12          //#include "GR_Serverx11_12.h"
     13          //#include "GR_Motorx11_12.h"
     14          //#include "GR_LPTMRx11_12.h"
     15          //#include "GR_Buzzerx19.h"
     16          //#include "GR_Gyroscope.h"
     17          //#include "GR_Infraredx11_12.h"
     18          #include "GR_Bluetoothx11_12.h"
     19          #include "GR_ControlPads.h"
     20          //#include "thermom_TN901.h"
     21          
     22          void PIT0_IRQHandler();
     23          

   \                                 In section .text, align 2, keep-with-next
     24          void main()
     25          {
   \                     main: (+1)
   \   00000000   0xB580             PUSH     {R7,LR}
     26              /* 变量初始化 */
     27              g_Buttons.BottonTotaltime = 0;
   \   00000002   0x....             LDR.N    R0,??DataTable1
   \   00000004   0x2100             MOVS     R1,#+0
   \   00000006   0x6001             STR      R1,[R0, #+0]
     28              g_Control.TotalTime = 0;
   \   00000008   0x....             LDR.N    R0,??DataTable1_1
   \   0000000A   0x2100             MOVS     R1,#+0
   \   0000000C   0x6001             STR      R1,[R0, #+0]
     29              /* 初始化完毕 */
     30              __v_Uart_Init_(115200);
   \   0000000E   0xF45F 0x30E1      MOVS     R0,#+115200
   \   00000012   0x.... 0x....      BL       __v_Uart_Init_
     31              InitButton();// 初始化按键
   \   00000016   0x.... 0x....      BL       InitButton
     32              
     33              pit_init_ms(PIT0,1);//设定PIT中断周期 1ms
   \   0000001A   0x....             LDR.N    R0,??DataTable1_2
   \   0000001C   0x6801             LDR      R1,[R0, #+0]
   \   0000001E   0x2000             MOVS     R0,#+0
   \   00000020   0x.... 0x....      BL       pit_init
     34              set_vector_handler(PIT0_VECTORn,PIT0_IRQHandler);//设定PIT中断向量地址
   \   00000024   0x.... 0x....      ADR.W    R1,PIT0_IRQHandler
   \   00000028   0x2054             MOVS     R0,#+84
   \   0000002A   0x.... 0x....      BL       set_vector_handler
     35              enable_irq(PIT0_IRQn);//使能PIT中断// 开启周期中断进行曝光
   \   0000002E   0x2044             MOVS     R0,#+68
   \   00000030   0x.... 0x....      BL       enable_irq
     36          
     37              while(1)
     38              {
     39                  v_Button_set();
   \                     ??main_0: (+1)
   \   00000034   0x.... 0x....      BL       v_Button_set
     40                  u8_tx2air();
   \   00000038   0x.... 0x....      BL       u8_tx2air
   \   0000003C   0xE7FA             B.N      ??main_0
     41              }
     42              
     43          }

   \                                 In section .bss, align 4
     44          uint32 con_counter = 0;
   \                     con_counter:
   \   00000000                      DS8 4

   \                                 In section .text, align 4, keep-with-next
     45          void PIT0_IRQHandler() // 1ms中断
     46          {
     47              PIT_Flag_Clear(PIT0); // 清中断
   \                     PIT0_IRQHandler: (+1)
   \   00000000   0x....             LDR.N    R0,??DataTable1_3  ;; 0x4003710c
   \   00000002   0x6800             LDR      R0,[R0, #+0]
   \   00000004   0xF050 0x0001      ORRS     R0,R0,#0x1
   \   00000008   0x....             LDR.N    R1,??DataTable1_3  ;; 0x4003710c
   \   0000000A   0x6008             STR      R0,[R1, #+0]
     48              g_Control.TotalTime = g_Control.TotalTime + 1;
   \   0000000C   0x....             LDR.N    R0,??DataTable1_1
   \   0000000E   0x6800             LDR      R0,[R0, #+0]
   \   00000010   0x1C40             ADDS     R0,R0,#+1
   \   00000012   0x....             LDR.N    R1,??DataTable1_1
   \   00000014   0x6008             STR      R0,[R1, #+0]
     49              
     50              
     51              
     52              g_Buttons.BottonTotaltime = g_Buttons.BottonTotaltime + 1;
   \   00000016   0x....             LDR.N    R0,??DataTable1
   \   00000018   0x6800             LDR      R0,[R0, #+0]
   \   0000001A   0x1C40             ADDS     R0,R0,#+1
   \   0000001C   0x....             LDR.N    R1,??DataTable1
   \   0000001E   0x6008             STR      R0,[R1, #+0]
     53          }
   \   00000020   0x4770             BX       LR               ;; return

   \                                 In section .text, align 4, keep-with-next
   \                     ??DataTable1:
   \   00000000   0x........         DC32     g_Buttons

   \                                 In section .text, align 4, keep-with-next
   \                     ??DataTable1_1:
   \   00000000   0x........         DC32     g_Control

   \                                 In section .text, align 4, keep-with-next
   \                     ??DataTable1_2:
   \   00000000   0x........         DC32     bus_clk_khz

   \                                 In section .text, align 4, keep-with-next
   \                     ??DataTable1_3:
   \   00000000   0x4003710C         DC32     0x4003710c

   Maximum stack usage in bytes:

   .cstack Function
   ------- --------
       0   PIT0_IRQHandler
       8   main
         8   -> InitButton
         8   -> __v_Uart_Init_
         8   -> enable_irq
         8   -> pit_init
         8   -> set_vector_handler
         8   -> u8_tx2air
         8   -> v_Button_set


   Section sizes:

   Bytes  Function/Label
   -----  --------------
       4  ??DataTable1
       4  ??DataTable1_1
       4  ??DataTable1_2
       4  ??DataTable1_3
      34  PIT0_IRQHandler
       4  con_counter
      62  main

 
   4 bytes in section .bss
 112 bytes in section .text
 
 112 bytes of CODE memory
   4 bytes of DATA memory

Errors: none
Warnings: none
