###############################################################################
#                                                                             #
# IAR ANSI C/C++ Compiler V6.60.1.5097/W32 for ARM      16/Aug/2014  22:11:18 #
# Copyright 1999-2013 IAR Systems AB.                                         #
#                                                                             #
#    Cpu mode     =  thumb                                                    #
#    Endian       =  little                                                   #
#    Source file  =  C:\Users\pc\Desktop\¼ÌÐø×öµÄÊÂÇé\ËÄÐýÒí·ÉÐÐÆ÷ -          #
#                    TM4123G\´úÂë\Ò£¿ØÆ÷\Library\MK60F15.c                    #
#    Command line =  "C:\Users\pc\Desktop\¼ÌÐø×öµÄÊÂÇé\ËÄÐýÒí·ÉÐÐÆ÷ -         #
#                    TM4123G\´úÂë\Ò£¿ØÆ÷\Library\MK60F15.c" -D IAR -D         #
#                    ShunAn2 -lCN "C:\Users\pc\Desktop\¼ÌÐø×öµÄÊÂÇé\ËÄÐýÒí·ÉÐ #
#                    ÐÆ÷ - TM4123G\´úÂë\Ò£¿ØÆ÷\FLASH_1M\List\" -lB            #
#                    "C:\Users\pc\Desktop\¼ÌÐø×öµÄÊÂÇé\ËÄÐýÒí·ÉÐÐÆ÷ -         #
#                    TM4123G\´úÂë\Ò£¿ØÆ÷\FLASH_1M\List\" -o                   #
#                    "C:\Users\pc\Desktop\¼ÌÐø×öµÄÊÂÇé\ËÄÐýÒí·ÉÐÐÆ÷ -         #
#                    TM4123G\´úÂë\Ò£¿ØÆ÷\FLASH_1M\Obj\" --no_cse --no_unroll  #
#                    --no_inline --no_code_motion --no_tbaa --no_clustering   #
#                    --no_scheduling --debug --endian=little --cpu=Cortex-M4  #
#                    -e --fpu=None --dlib_config "C:\Program Files (x86)\IAR  #
#                    Systems\Embedded Workbench 6.5\arm\INC\c\DLib_Config_Nor #
#                    mal.h" -I "C:\Users\pc\Desktop\¼ÌÐø×öµÄÊÂÇé\ËÄÐýÒí·ÉÐÐÆ÷ #
#                     - TM4123G\´úÂë\Ò£¿ØÆ÷\ShunAn2\" -I                      #
#                    "C:\Users\pc\Desktop\¼ÌÐø×öµÄÊÂÇé\ËÄÐýÒí·ÉÐÐÆ÷ -         #
#                    TM4123G\´úÂë\Ò£¿ØÆ÷\Library\" -I                         #
#                    "C:\Users\pc\Desktop\¼ÌÐø×öµÄÊÂÇé\ËÄÐýÒí·ÉÐÐÆ÷ -         #
#                    TM4123G\´úÂë\Ò£¿ØÆ÷\Library\BlessedAlien\" -Ol           #
#                    --use_c++_inline                                         #
#    List file    =  C:\Users\pc\Desktop\¼ÌÐø×öµÄÊÂÇé\ËÄÐýÒí·ÉÐÐÆ÷ -          #
#                    TM4123G\´úÂë\Ò£¿ØÆ÷\FLASH_1M\List\MK60F15.lst            #
#    Object file  =  C:\Users\pc\Desktop\¼ÌÐø×öµÄÊÂÇé\ËÄÐýÒí·ÉÐÐÆ÷ -          #
#                    TM4123G\´úÂë\Ò£¿ØÆ÷\FLASH_1M\Obj\MK60F15.o               #
#                                                                             #
#                                                                             #
###############################################################################

C:\Users\pc\Desktop\¼ÌÐø×öµÄÊÂÇé\ËÄÐýÒí·ÉÐÐÆ÷ - TM4123G\´úÂë\Ò£¿ØÆ÷\Library\MK60F15.c
      1          #include "MK60F15.h"
      2          

   \                                 In section .data, align 4
      3          volatile struct SPI_MemMap * SPIx[3] = SPI_BASE_PTRS; //
   \                     SPIx:
   \   00000000   0x4002C000         DC32 4002C000H, 4002D000H, 400AC000H
   \              0x4002D000   
   \              0x400AC000   

   \                                 In section .data, align 4
      4          volatile struct GPIO_MemMap * GPIOx[6] = GPIO_BASE_PTRS;
   \                     GPIOx:
   \   00000000   0x400FF000         DC32 400FF000H, 400FF040H, 400FF080H, 400FF0C0H, 400FF100H, 400FF140H
   \              0x400FF040   
   \              0x400FF080   
   \              0x400FF0C0   
   \              0x400FF100   
   \              0x400FF140   

   \                                 In section .data, align 4
      5          volatile struct PORT_MemMap * PORTx[6] = PORT_BASE_PTRS;
   \                     PORTx:
   \   00000000   0x40049000         DC32 40049000H, 4004A000H, 4004B000H, 4004C000H, 4004D000H, 4004E000H
   \              0x4004A000   
   \              0x4004B000   
   \              0x4004C000   
   \              0x4004D000   
   \              0x4004E000   


   Section sizes:

   Bytes  Function/Label
   -----  --------------
      24  GPIOx
      24  PORTx
      12  SPIx

 
 60 bytes in section .data
 
 60 bytes of DATA memory

Errors: none
Warnings: none
