###############################################################################
#                                                                             #
# IAR ELF Linker V6.60.1.5097/W32 for ARM               16/Aug/2014  22:17:47 #
# Copyright 2007-2013 IAR Systems AB.                                         #
#                                                                             #
#    Output file  =  C:\Users\pc\Desktop\¼ÌÐø×öµÄÊÂÇé\ËÄÐýÒí·ÉÐÐÆ÷ -          #
#                    TM4123G\´úÂë\Ò£¿ØÆ÷\FLASH_1M\Exe\ShunAn_k60_tower.out    #
#    Map file     =  C:\Users\pc\Desktop\¼ÌÐø×öµÄÊÂÇé\ËÄÐýÒí·ÉÐÐÆ÷ -          #
#                    TM4123G\´úÂë\Ò£¿ØÆ÷\FLASH_1M\List\ShunAn_k60_tower.map   #
#    Command line =  "C:\Users\pc\Desktop\¼ÌÐø×öµÄÊÂÇé\ËÄÐýÒí·ÉÐÐÆ÷ -         #
#                    TM4123G\´úÂë\Ò£¿ØÆ÷\FLASH_1M\Obj\Air_TFT.o"              #
#                    "C:\Users\pc\Desktop\¼ÌÐø×öµÄÊÂÇé\ËÄÐýÒí·ÉÐÐÆ÷ -         #
#                    TM4123G\´úÂë\Ò£¿ØÆ÷\FLASH_1M\Obj\arm_cm4.o"              #
#                    "C:\Users\pc\Desktop\¼ÌÐø×öµÄÊÂÇé\ËÄÐýÒí·ÉÐÐÆ÷ -         #
#                    TM4123G\´úÂë\Ò£¿ØÆ÷\FLASH_1M\Obj\BlessedAlien.o"         #
#                    "C:\Users\pc\Desktop\¼ÌÐø×öµÄÊÂÇé\ËÄÐýÒí·ÉÐÐÆ÷ -         #
#                    TM4123G\´úÂë\Ò£¿ØÆ÷\FLASH_1M\Obj\GodRecognitionx11_12.o" #
#                     "C:\Users\pc\Desktop\¼ÌÐø×öµÄÊÂÇé\ËÄÐýÒí·ÉÐÐÆ÷ -        #
#                    TM4123G\´úÂë\Ò£¿ØÆ÷\FLASH_1M\Obj\GR_Bluetoothx11_12.o"   #
#                    "C:\Users\pc\Desktop\¼ÌÐø×öµÄÊÂÇé\ËÄÐýÒí·ÉÐÐÆ÷ -         #
#                    TM4123G\´úÂë\Ò£¿ØÆ÷\FLASH_1M\Obj\GR_Buttonx11_12.o"      #
#                    "C:\Users\pc\Desktop\¼ÌÐø×öµÄÊÂÇé\ËÄÐýÒí·ÉÐÐÆ÷ -         #
#                    TM4123G\´úÂë\Ò£¿ØÆ÷\FLASH_1M\Obj\GR_Buzzerx19.o"         #
#                    "C:\Users\pc\Desktop\¼ÌÐø×öµÄÊÂÇé\ËÄÐýÒí·ÉÐÐÆ÷ -         #
#                    TM4123G\´úÂë\Ò£¿ØÆ÷\FLASH_1M\Obj\GR_CCDx11_12.o"         #
#                    "C:\Users\pc\Desktop\¼ÌÐø×öµÄÊÂÇé\ËÄÐýÒí·ÉÐÐÆ÷ -         #
#                    TM4123G\´úÂë\Ò£¿ØÆ÷\FLASH_1M\Obj\GR_ControlPads.o"       #
#                    "C:\Users\pc\Desktop\¼ÌÐø×öµÄÊÂÇé\ËÄÐýÒí·ÉÐÐÆ÷ -         #
#                    TM4123G\´úÂë\Ò£¿ØÆ÷\FLASH_1M\Obj\GR_Gyroscope.o"         #
#                    "C:\Users\pc\Desktop\¼ÌÐø×öµÄÊÂÇé\ËÄÐýÒí·ÉÐÐÆ÷ -         #
#                    TM4123G\´úÂë\Ò£¿ØÆ÷\FLASH_1M\Obj\GR_heartMemory.o"       #
#                    "C:\Users\pc\Desktop\¼ÌÐø×öµÄÊÂÇé\ËÄÐýÒí·ÉÐÐÆ÷ -         #
#                    TM4123G\´úÂë\Ò£¿ØÆ÷\FLASH_1M\Obj\GR_Infraredx11_12.o"    #
#                    "C:\Users\pc\Desktop\¼ÌÐø×öµÄÊÂÇé\ËÄÐýÒí·ÉÐÐÆ÷ -         #
#                    TM4123G\´úÂë\Ò£¿ØÆ÷\FLASH_1M\Obj\GR_LPTMRx11_12.o"       #
#                    "C:\Users\pc\Desktop\¼ÌÐø×öµÄÊÂÇé\ËÄÐýÒí·ÉÐÐÆ÷ -         #
#                    TM4123G\´úÂë\Ò£¿ØÆ÷\FLASH_1M\Obj\GR_Motorx11_12.o"       #
#                    "C:\Users\pc\Desktop\¼ÌÐø×öµÄÊÂÇé\ËÄÐýÒí·ÉÐÐÆ÷ -         #
#                    TM4123G\´úÂë\Ò£¿ØÆ÷\FLASH_1M\Obj\GR_OLEDx11_12.o"        #
#                    "C:\Users\pc\Desktop\¼ÌÐø×öµÄÊÂÇé\ËÄÐýÒí·ÉÐÐÆ÷ -         #
#                    TM4123G\´úÂë\Ò£¿ØÆ÷\FLASH_1M\Obj\GR_Serverx11_12.o"      #
#                    "C:\Users\pc\Desktop\¼ÌÐø×öµÄÊÂÇé\ËÄÐýÒí·ÉÐÐÆ÷ -         #
#                    TM4123G\´úÂë\Ò£¿ØÆ÷\FLASH_1M\Obj\main.o"                 #
#                    "C:\Users\pc\Desktop\¼ÌÐø×öµÄÊÂÇé\ËÄÐýÒí·ÉÐÐÆ÷ -         #
#                    TM4123G\´úÂë\Ò£¿ØÆ÷\FLASH_1M\Obj\MK60F15.o"              #
#                    "C:\Users\pc\Desktop\¼ÌÐø×öµÄÊÂÇé\ËÄÐýÒí·ÉÐÐÆ÷ -         #
#                    TM4123G\´úÂë\Ò£¿ØÆ÷\FLASH_1M\Obj\ShunAn_Lib.o"           #
#                    "C:\Users\pc\Desktop\¼ÌÐø×öµÄÊÂÇé\ËÄÐýÒí·ÉÐÐÆ÷ -         #
#                    TM4123G\´úÂë\Ò£¿ØÆ÷\FLASH_1M\Obj\start_ShunAn.o"         #
#                    "C:\Users\pc\Desktop\¼ÌÐø×öµÄÊÂÇé\ËÄÐýÒí·ÉÐÐÆ÷ -         #
#                    TM4123G\´úÂë\Ò£¿ØÆ÷\FLASH_1M\Obj\startup_ShunAn_K60FX512 #
#                    VLQ15.o" "C:\Users\pc\Desktop\¼ÌÐø×öµÄÊÂÇé\ËÄÐýÒí·ÉÐÐÆ÷  #
#                    - TM4123G\´úÂë\Ò£¿ØÆ÷\FLASH_1M\Obj\thermom_TN901.o"      #
#                    --redirect _Printf=_PrintfFull --redirect                #
#                    _Scanf=_ScanfFull -o "C:\Users\pc\Desktop\¼ÌÐø×öµÄÊÂÇé\Ë #
#                    ÄÐýÒí·ÉÐÐÆ÷ - TM4123G\´úÂë\Ò£¿ØÆ÷\FLASH_1M\Exe\ShunAn_k6 #
#                    0_tower.out" --map "C:\Users\pc\Desktop\¼ÌÐø×öµÄÊÂÇé\ËÄÐ #
#                    ýÒí·ÉÐÐÆ÷ - TM4123G\´úÂë\Ò£¿ØÆ÷\FLASH_1M\List\ShunAn_k60 #
#                    _tower.map" --config "C:\Users\pc\Desktop\¼ÌÐø×öµÄÊÂÇé\Ë #
#                    ÄÐýÒí·ÉÐÐÆ÷ - TM4123G\´úÂë\Ò£¿ØÆ÷\configfiles\512KB_Pfla #
#                    sh_512KB_Dflash.icf" --semihosting --entry               #
#                    __iar_program_start --vfe                                #
#                                                                             #
#                                                                             #
###############################################################################

*******************************************************************************
*** RUNTIME MODEL ATTRIBUTES
***

CppFlavor       = *
__SystemLibrary = DLib


*******************************************************************************
*** PLACEMENT SUMMARY
***

"A1":  place at 0x00000000 { ro section .intvec };
"A2":  place at 0x00000410 { ro section .noinit };
"P1":  place in [from         0x00000000
                 to           0x00080000
                 repeat       2
                 displacement 0x10000000] { ro, block CodeRelocate };
"P2":  place in [from 0x1fff0410 to 0x1fffffff] |
                [from 0x20000000 to 0x20010000] {
          rw, block CodeRelocateRam, block CSTACK, block HEAP };

  Section              Kind        Address   Size  Object
  -------              ----        -------   ----  ------
"A1":                                       0x410
  .intvec              const    0x00000000  0x410  start_ShunAn.o [1]
                              - 0x00000410  0x410

"P1", part 1 of 2:                            0x0
  .rodata              const    0x00000410    0x0  zero_init3.o [5]

"A2":                                        0x3c
  .noinit              ro code  0x00000410   0x3c  startup_ShunAn_K60FX512VLQ15.o [1]
                              - 0x0000044c   0x3c

"P1", part 2 of 2:                          0xc08
  Veneer               ro code  0x0000044c    0x8  - Linker created -
  .text                ro code  0x00000454  0x580  start_ShunAn.o [1]
  .text                ro code  0x000009d4   0xd4  arm_cm4.o [1]
  .text                ro code  0x00000aa8   0x74  main.o [1]
  .text                ro code  0x00000b1c  0x158  GR_Bluetoothx11_12.o [1]
  .text                ro code  0x00000c74  0x28c  GR_Buttonx11_12.o [1]
  .data_init                    0x00000f00   0x5c  <Block>
    Initializer bytes  ro data  0x00000f00   0x5c  <for .data-1>
  CodeRelocate                  0x00000f5c   0x4c  <Block>
    Initializer bytes  ro data  0x00000f5c   0x4c  <for CodeRelocateRam-1>
  .text                ro code  0x00000fa8   0x28  data_init.o [5]
  .text                ro code  0x00000fd0   0x22  zero_init3.o [5]
  .iar.init_table      const    0x00000ff4   0x10  - Linker created -
  .text                ro code  0x00001004   0x1a  cmain.o [5]
  .text                ro code  0x0000101e    0x4  low_level_init.o [3]
  .text                ro code  0x00001022    0x4  exit.o [3]
  .text                ro code  0x00001028    0xa  cexit.o [5]
  .text                ro code  0x00001034   0x14  exit.o [6]
  .text                ro code  0x00001048    0xc  cstartup_M.o [5]
                              - 0x00001054  0xc08

"P2", part 1 of 2:                           0xa8
  .data                         0x1fff0410   0x5c  <Block>
    .data-1                     0x1fff0410   0x5c  <Init block>
      .data            inited   0x1fff0410   0x58  start_ShunAn.o [1]
      .data            inited   0x1fff0468    0x4  start_ShunAn.o [1]
  CodeRelocateRam               0x1fff046c   0x4c  <Block>
    CodeRelocateRam-1           0x1fff046c   0x4c  <Init block>
      .textrw          inited   0x1fff046c   0x4c  start_ShunAn.o [1]
                              - 0x1fff04b8   0xa8

"P2", part 2 of 2:                           0x28
  .bss                          0x1fff04b8   0x28  <Block>
    .bss               zero     0x1fff04b8   0x14  GR_Buttonx11_12.o [1]
    .bss               zero     0x1fff04cc    0x8  GR_ControlPads.o [1]
    .bss               zero     0x1fff04d4    0x4  start_ShunAn.o [1]
    .bss               zero     0x1fff04d8    0x4  start_ShunAn.o [1]
    .bss               zero     0x1fff04dc    0x4  start_ShunAn.o [1]
                              - 0x1fff04e0   0x28


*******************************************************************************
*** INIT TABLE
***

          Address     Size
          -------     ----
Zero (__iar_zero_init3)
    1 destination range, total size 0x28:
          0x1fff04b8  0x28



*******************************************************************************
*** MODULE SUMMARY
***

    Module                          ro code  rw code  ro data  rw data
    ------                          -------  -------  -------  -------
C:\Users\pc\Desktop\¼ÌÐø×öµÄÊÂÇé\ËÄÐýÒí·ÉÐÐÆ÷ - TM4123G\´úÂë\Ò£¿ØÆ÷\FLASH_1M\Obj: [1]
    GR_Bluetoothx11_12.o                344
    GR_Buttonx11_12.o                   652                         20
    GR_ControlPads.o                                                 8
    arm_cm4.o                           212
    main.o                              116
    start_ShunAn.o                    1 408       76    1 208      104
    startup_ShunAn_K60FX512VLQ15.o       60
    ------------------------------------------------------------------
    Total:                            2 792       76    1 208      132

command line: [2]
    ------------------------------------------------------------------
    Total:

dl7M_tln.a: [3]
    exit.o                                4
    low_level_init.o                      4
    ------------------------------------------------------------------
    Total:                                8

m7M_tl.a: [4]
    ------------------------------------------------------------------
    Total:

rt7M_tl.a: [5]
    cexit.o                              10
    cmain.o                              26
    cstartup_M.o                         12
    data_init.o                          40
    zero_init3.o                         34
    ------------------------------------------------------------------
    Total:                              122

shb_l.a: [6]
    exit.o                               20
    ------------------------------------------------------------------
    Total:                               20

    Gaps                                  4                 2
    Linker created                        8                16
----------------------------------------------------------------------
    Grand Total:                      2 954       76    1 226      132


*******************************************************************************
*** ENTRY LIST
***

Entry                      Address   Size  Type      Object
-----                      -------   ----  ----      ------
.bss$$Base              0x1fff04b8          --   Gb  - Linker created -
.bss$$Limit             0x1fff04e0          --   Gb  - Linker created -
.data$$Base             0x1fff0410          --   Gb  - Linker created -
.data$$Limit            0x1fff046c          --   Gb  - Linker created -
.data_init$$Base        0x00000f00          --   Gb  - Linker created -
.data_init$$Limit       0x00000f5c          --   Gb  - Linker created -
?main                   0x00001005         Code  Gb  cmain.o [5]
CodeRelocate$$Base      0x00000f5c          --   Gb  - Linker created -
CodeRelocate$$Limit     0x00000fa8          --   Gb  - Linker created -
CodeRelocateRam$$Base   0x1fff046c          --   Gb  - Linker created -
CodeRelocateRam$$Limit  0x1fff04b8          --   Gb  - Linker created -
InitButton              0x00000c75  0x16a  Code  Gb  GR_Buttonx11_12.o [1]
PIT0_IRQHandler         0x00000ae9   0x22  Code  Gb  main.o [1]
Region$$Table$$Base     0x00000ff4          --   Gb  - Linker created -
Region$$Table$$Limit    0x00001004          --   Gb  - Linker created -
Reset_Handler           0x00000411         Code  Gb  startup_ShunAn_K60FX512VLQ15.o [1]
__BOOT_STACK_ADDRESS {Abs}
                        0x2000fff8          --   Gb  command line/config [2]
__VECTOR_RAM {Abs}      0x1fff0000          --   Gb  command line/config [2]
__VECTOR_TABLE {Abs}    0x00000000          --   Gb  command line/config [2]
__cmain                 0x00001005         Code  Gb  cmain.o [5]
__exit                  0x00001035   0x14  Code  Gb  exit.o [6]
__iar_data_init3        0x00000fa9   0x28  Code  Gb  data_init.o [5]
__iar_program_start     0x00001049         Code  Gb  cstartup_M.o [5]
__iar_zero_init3        0x00000fd1   0x22  Code  Gb  zero_init3.o [5]
__low_level_init        0x0000101f    0x4  Code  Gb  low_level_init.o [3]
__v_Uart_Init_          0x00000b1d   0xbc  Code  Gb  GR_Bluetoothx11_12.o [1]
__v_Uart_TxOne_         0x00000bd9    0xe  Code  Gb  GR_Bluetoothx11_12.o [1]
__vector_table          0x00000000  0x410  Data  Gb  start_ShunAn.o [1]
_call_main              0x00001011         Code  Gb  cmain.o [5]
_exit                   0x00001029         Code  Gb  cexit.o [5]
_main                   0x0000101b         Code  Gb  cmain.o [5]
bus_clk_khz             0x1fff04dc    0x4  Data  Gb  start_ShunAn.o [1]
core_clk_khz            0x1fff04d4    0x4  Data  Gb  start_ShunAn.o [1]
core_clk_mhz            0x1fff04d8    0x4  Data  Gb  start_ShunAn.o [1]
default_isr             0x0000054b    0x2  Code  Gb  start_ShunAn.o [1]
enable_irq              0x000009db   0xb2  Code  Gb  arm_cm4.o [1]
exit                    0x00001023    0x4  Code  Gb  exit.o [3]
g_Buttons               0x1fff04b8   0x14  Data  Gb  GR_Buttonx11_12.o [1]
g_Control               0x1fff04cc    0x8  Data  Gb  GR_ControlPads.o [1]
main                    0x00000aa9   0x3e  Code  Gb  main.o [1]
mcg_cfg                 0x1fff0410   0x58  Data  Gb  start_ShunAn.o [1]
mcg_div                 0x1fff0468    0x4  Data  Gb  start_ShunAn.o [1]
mcg_div_count           0x0000054d  0x308  Code  Gb  start_ShunAn.o [1]
pit_init                0x00000907   0x5a  Code  Gb  start_ShunAn.o [1]
pll_init                0x00000855   0xb2  Code  Gb  start_ShunAn.o [1]
set_sys_dividers        0x1fff046d   0x4c  Code  Gb  start_ShunAn.o [1]
set_vector_handler      0x00000961    0xa  Code  Gb  start_ShunAn.o [1]
start                   0x00000455   0xf6  Code  Gb  start_ShunAn.o [1]
u8_Button1get           0x00000ddf    0xc  Code  Gb  GR_Buttonx11_12.o [1]
u8_Button2get           0x00000deb    0xc  Code  Gb  GR_Buttonx11_12.o [1]
u8_Button3get           0x00000df7    0xc  Code  Gb  GR_Buttonx11_12.o [1]
u8_Button4get           0x00000e03    0xc  Code  Gb  GR_Buttonx11_12.o [1]
u8_tx2air               0x00000be7   0x54  Code  Gb  GR_Bluetoothx11_12.o [1]
v_Button_set            0x00000e0f   0x9c  Code  Gb  GR_Buttonx11_12.o [1]
write_vtor              0x000009d5    0x6  Code  Gb  arm_cm4.o [1]


[1] = C:\Users\pc\Desktop\¼ÌÐø×öµÄÊÂÇé\ËÄÐýÒí·ÉÐÐÆ÷ - TM4123G\´úÂë\Ò£¿ØÆ÷\FLASH_1M\Obj
[2] = command line
[3] = dl7M_tln.a
[4] = m7M_tl.a
[5] = rt7M_tl.a
[6] = shb_l.a

  2 954 bytes of readonly  code memory
     76 bytes of readwrite code memory
  1 226 bytes of readonly  data memory
    132 bytes of readwrite data memory

Errors: none
Warnings: none
