###############################################################################
#                                                                             #
# IAR ELF Linker V6.60.1.5097/W32 for ARM               20/Jul/2015  17:20:55 #
# Copyright 2007-2013 IAR Systems AB.                                         #
#                                                                             #
#    Output file  =  D:\´´×÷ÊÒ\·ÉË¼¿¨¶ûÖÇÄÜÐ¡³µ\Ë³°µÈýºÅ\´úÂë\Ë³°µÈýºÅ-»ªÄÏÈü #
#                    ×îºóÆßÌì-7.11\FLASH_1MB\Exe\ShunAn_Poet.out              #
#    Map file     =  D:\´´×÷ÊÒ\·ÉË¼¿¨¶ûÖÇÄÜÐ¡³µ\Ë³°µÈýºÅ\´úÂë\Ë³°µÈýºÅ-»ªÄÏÈü #
#                    ×îºóÆßÌì-7.11\FLASH_1MB\List\ShunAn_Poet.map             #
#    Command line =  D:\´´×÷ÊÒ\·ÉË¼¿¨¶ûÖÇÄÜÐ¡³µ\Ë³°µÈýºÅ\´úÂë\Ë³°µÈýºÅ-»ªÄÏÈü #
#                    ×îºóÆßÌì-7.11\FLASH_1MB\Obj\arm_cm4.o                    #
#                    D:\´´×÷ÊÒ\·ÉË¼¿¨¶ûÖÇÄÜÐ¡³µ\Ë³°µÈýºÅ\´úÂë\Ë³°µÈýºÅ-»ªÄÏÈü #
#                    ×îºóÆßÌì-7.11\FLASH_1MB\Obj\BlessedAlien.o               #
#                    D:\´´×÷ÊÒ\·ÉË¼¿¨¶ûÖÇÄÜÐ¡³µ\Ë³°µÈýºÅ\´úÂë\Ë³°µÈýºÅ-»ªÄÏÈü #
#                    ×îºóÆßÌì-7.11\FLASH_1MB\Obj\IIC.o                        #
#                    D:\´´×÷ÊÒ\·ÉË¼¿¨¶ûÖÇÄÜÐ¡³µ\Ë³°µÈýºÅ\´úÂë\Ë³°µÈýºÅ-»ªÄÏÈü #
#                    ×îºóÆßÌì-7.11\FLASH_1MB\Obj\main.o                       #
#                    D:\´´×÷ÊÒ\·ÉË¼¿¨¶ûÖÇÄÜÐ¡³µ\Ë³°µÈýºÅ\´úÂë\Ë³°µÈýºÅ-»ªÄÏÈü #
#                    ×îºóÆßÌì-7.11\FLASH_1MB\Obj\MK60F15.o                    #
#                    D:\´´×÷ÊÒ\·ÉË¼¿¨¶ûÖÇÄÜÐ¡³µ\Ë³°µÈýºÅ\´úÂë\Ë³°µÈýºÅ-»ªÄÏÈü #
#                    ×îºóÆßÌì-7.11\FLASH_1MB\Obj\Pendulum_EndlessFormsMostBea #
#                    utiful.o D:\´´×÷ÊÒ\·ÉË¼¿¨¶ûÖÇÄÜÐ¡³µ\Ë³°µÈýºÅ\´úÂë\Ë³°µÈý #
#                    ºÅ-»ªÄÏÈü×îºóÆßÌì-7.11\FLASH_1MB\Obj\Poet_Bluetooth.o    #
#                    D:\´´×÷ÊÒ\·ÉË¼¿¨¶ûÖÇÄÜÐ¡³µ\Ë³°µÈýºÅ\´úÂë\Ë³°µÈýºÅ-»ªÄÏÈü #
#                    ×îºóÆßÌì-7.11\FLASH_1MB\Obj\Poet_Buzzer.o                #
#                    D:\´´×÷ÊÒ\·ÉË¼¿¨¶ûÖÇÄÜÐ¡³µ\Ë³°µÈýºÅ\´úÂë\Ë³°µÈýºÅ-»ªÄÏÈü #
#                    ×îºóÆßÌì-7.11\FLASH_1MB\Obj\Poet_ImageBeholder.o         #
#                    D:\´´×÷ÊÒ\·ÉË¼¿¨¶ûÖÇÄÜÐ¡³µ\Ë³°µÈýºÅ\´úÂë\Ë³°µÈýºÅ-»ªÄÏÈü #
#                    ×îºóÆßÌì-7.11\FLASH_1MB\Obj\Poet_InputInterface.o        #
#                    D:\´´×÷ÊÒ\·ÉË¼¿¨¶ûÖÇÄÜÐ¡³µ\Ë³°µÈýºÅ\´úÂë\Ë³°µÈýºÅ-»ªÄÏÈü #
#                    ×îºóÆßÌì-7.11\FLASH_1MB\Obj\Poet_Motor.o                 #
#                    D:\´´×÷ÊÒ\·ÉË¼¿¨¶ûÖÇÄÜÐ¡³µ\Ë³°µÈýºÅ\´úÂë\Ë³°µÈýºÅ-»ªÄÏÈü #
#                    ×îºóÆßÌì-7.11\FLASH_1MB\Obj\Poet_Navigation.o            #
#                    D:\´´×÷ÊÒ\·ÉË¼¿¨¶ûÖÇÄÜÐ¡³µ\Ë³°µÈýºÅ\´úÂë\Ë³°µÈýºÅ-»ªÄÏÈü #
#                    ×îºóÆßÌì-7.11\FLASH_1MB\Obj\Poet_Revelation.o            #
#                    D:\´´×÷ÊÒ\·ÉË¼¿¨¶ûÖÇÄÜÐ¡³µ\Ë³°µÈýºÅ\´úÂë\Ë³°µÈýºÅ-»ªÄÏÈü #
#                    ×îºóÆßÌì-7.11\FLASH_1MB\Obj\Poet_Scourage.o              #
#                    D:\´´×÷ÊÒ\·ÉË¼¿¨¶ûÖÇÄÜÐ¡³µ\Ë³°µÈýºÅ\´úÂë\Ë³°µÈýºÅ-»ªÄÏÈü #
#                    ×îºóÆßÌì-7.11\FLASH_1MB\Obj\Poet_Servo.o                 #
#                    D:\´´×÷ÊÒ\·ÉË¼¿¨¶ûÖÇÄÜÐ¡³µ\Ë³°µÈýºÅ\´úÂë\Ë³°µÈýºÅ-»ªÄÏÈü #
#                    ×îºóÆßÌì-7.11\FLASH_1MB\Obj\ShunAn_Lib.o                 #
#                    D:\´´×÷ÊÒ\·ÉË¼¿¨¶ûÖÇÄÜÐ¡³µ\Ë³°µÈýºÅ\´úÂë\Ë³°µÈýºÅ-»ªÄÏÈü #
#                    ×îºóÆßÌì-7.11\FLASH_1MB\Obj\start_ShunAn.o               #
#                    D:\´´×÷ÊÒ\·ÉË¼¿¨¶ûÖÇÄÜÐ¡³µ\Ë³°µÈýºÅ\´úÂë\Ë³°µÈýºÅ-»ªÄÏÈü #
#                    ×îºóÆßÌì-7.11\FLASH_1MB\Obj\startup_ShunAn_K60FX512VLQ15 #
#                    .o D:\´´×÷ÊÒ\·ÉË¼¿¨¶ûÖÇÄÜÐ¡³µ\Ë³°µÈýºÅ\´úÂë\Ë³°µÈýºÅ-»ªÄ #
#                    ÏÈü×îºóÆßÌì-7.11\FLASH_1MB\Obj\ThePoet_ThePendulum.o     #
#                    --redirect _Printf=_PrintfFull --redirect                #
#                    _Scanf=_ScanfFull -o D:\´´×÷ÊÒ\·ÉË¼¿¨¶ûÖÇÄÜÐ¡³µ\Ë³°µÈýºÅ #
#                    \´úÂë\Ë³°µÈýºÅ-»ªÄÏÈü×îºóÆßÌì-7.11\FLASH_1MB\Exe\ShunAn_ #
#                    Poet.out --map D:\´´×÷ÊÒ\·ÉË¼¿¨¶ûÖÇÄÜÐ¡³µ\Ë³°µÈýºÅ\´úÂë\ #
#                    Ë³°µÈýºÅ-»ªÄÏÈü×îºóÆßÌì-7.11\FLASH_1MB\List\ShunAn_Poet. #
#                    map --config D:\´´×÷ÊÒ\·ÉË¼¿¨¶ûÖÇÄÜÐ¡³µ\Ë³°µÈýºÅ\´úÂë\Ë³ #
#                    °µÈýºÅ-»ªÄÏÈü×îºóÆßÌì-7.11\configfiles\512KB_Pflash_512K #
#                    B_Dflash.icf --semihosting --entry __iar_program_start   #
#                    --vfe                                                    #
#                                                                             #
#                                                                             #
###############################################################################

*******************************************************************************
*** RUNTIME MODEL ATTRIBUTES
***

CppFlavor       = *
__SystemLibrary = DLib


*******************************************************************************
*** PLACEMENT SUMMARY
***

"A1":  place at 0x00000000 { ro section .intvec };
"A2":  place at 0x00000410 { ro section .noinit };
"P1":  place in [from         0x00000000
                 to           0x00080000
                 repeat       2
                 displacement 0x10000000] { ro, block CodeRelocate };
"P2":  place in [from 0x1fff0410 to 0x1fffffff] |
                [from 0x20000000 to 0x20010000] {
          rw, block CodeRelocateRam, block CSTACK, block HEAP };

  Section              Kind        Address    Size  Object
  -------              ----        -------    ----  ------
"A1":                                        0x410
  .intvec              const    0x00000000   0x410  start_ShunAn.o [1]
                              - 0x00000410   0x410

"P1", part 1 of 2:                             0x0
  .rodata              const    0x00000410     0x0  zero_init3.o [5]

"A2":                                         0x4c
  .noinit              ro code  0x00000410    0x4c  startup_ShunAn_K60FX512VLQ15.o [1]
                              - 0x0000045c    0x4c

"P1", part 2 of 2:                          0xe9b8
  .text                ro code  0x0000045c  0x4538  Pendulum_EndlessFormsMostBeautiful.o [1]
  .text                ro code  0x00004994    0xd8  Poet_Buzzer.o [1]
  .text                ro code  0x00004a6c   0xcd8  Poet_Motor.o [1]
  .text                ro code  0x00005744   0x330  Poet_Servo.o [1]
  .text                ro code  0x00005a74   0xb44  Poet_Revelation.o [1]
  .text                ro code  0x000065b8    0x30  I32ToDbl.o [4]
  .text                ro code  0x000065e8    0x4e  FltToDbl.o [4]
  .text                ro code  0x00006636    0x22  zero_init3.o [5]
  .text                ro code  0x00006658   0x1a2  DblMul.o [4]
  .text                ro code  0x000067fa     0xa  xsprout.o [3]
  .text                ro code  0x00006804    0x2e  DblCmpGe.o [4]
  .rodata              const    0x00006832     0x2  ShunAn_Lib.o [1]
  .text                ro code  0x00006834   0x180  DblSub.o [4]
  .text                ro code  0x000069b4    0x58  DblToI32.o [4]
  .text                ro code  0x00006a0c    0xe8  DblAdd.o [4]
  .text                ro code  0x00006af4    0x90  DblToFlt.o [4]
  .text                ro code  0x00006b84   0x1dc  Poet_InputInterface.o [1]
  .text                ro code  0x00006d60   0x246  DblDiv.o [4]
  .text                ro code  0x00006fa8    0x76  ABImemcpy_unaligned.o [5]
  .text                ro code  0x00007020    0x34  sprintf.o [3]
  .text                ro code  0x00007054   0xd96  xprintffull.o [3]
  .text                ro code  0x00007dec    0x16  strchr.o [5]
  .text                ro code  0x00007e04    0x36  strlen.o [5]
  .text                ro code  0x00007e3c    0x58  memchr.o [5]
  .text                ro code  0x00007e94    0xee  I64DivMod.o [5]
  .text                ro code  0x00007f82    0x42  xdnorm.o [4]
  .text                ro code  0x00007fc4    0x2e  DblCmpLe.o [4]
  .text                ro code  0x00007ff4   0x114  xdscale.o [4]
  .text                ro code  0x00008108     0xe  div.o [3]
  .text                ro code  0x00008118     0x2  I64DivZer.o [5]
  .text                ro code  0x0000811c  0x4424  ThePoet_ThePendulum.o [1]
  .text                ro code  0x0000c540   0x296  main.o [1]
  .text                ro code  0x0000c7d8   0xc74  Poet_ImageBeholder.o [1]
  .text                ro code  0x0000d44c   0x64c  Poet_Bluetooth.o [1]
  Veneer               ro code  0x0000da98     0x8  - Linker created -
  .text                ro code  0x0000daa0   0x580  start_ShunAn.o [1]
  .text                ro code  0x0000e020   0x168  Poet_Navigation.o [1]
  .text                ro code  0x0000e188   0x142  arm_cm4.o [1]
  .text                ro code  0x0000e2cc   0x17c  IIC.o [1]
  .rodata              const    0x0000e448   0x228  BlessedAlien.o [1]
  .data_init                    0x0000e670    0x60  <Block>
    Initializer bytes  ro data  0x0000e670    0x60  <for .data-1>
  CodeRelocate                  0x0000e6d0    0x4c  <Block>
    Initializer bytes  ro data  0x0000e6d0    0x4c  <for CodeRelocateRam-1>
  .rodata              const    0x0000e71c    0x28  Poet_Revelation.o [1]
  .rodata              const    0x0000e744    0x28  Poet_Revelation.o [1]
  .text                ro code  0x0000e76c    0x28  data_init.o [5]
  .iar.init_table      const    0x0000e794    0x10  - Linker created -
  .rodata              const    0x0000e7a4    0x1c  ThePoet_ThePendulum.o [1]
  .text                ro code  0x0000e7c0    0x1a  fpinit_M.o [4]
  .text                ro code  0x0000e7dc    0x1a  cmain.o [5]
  .text                ro code  0x0000e7f6     0x4  low_level_init.o [3]
  .text                ro code  0x0000e7fa     0x4  exit.o [3]
  .text                ro code  0x0000e800     0xa  cexit.o [5]
  .text                ro code  0x0000e80c    0x14  exit.o [6]
  .rodata              const    0x0000e820    0x18  main.o [1]
  .rodata              const    0x0000e838    0x18  main.o [1]
  .rodata              const    0x0000e850    0x18  Poet_Bluetooth.o [1]
  .rodata              const    0x0000e868    0x14  main.o [1]
  .rodata              const    0x0000e87c    0x14  Poet_Bluetooth.o [1]
  .rodata              const    0x0000e890    0x14  ThePoet_ThePendulum.o [1]
  .rodata              const    0x0000e8a4    0x14  ThePoet_ThePendulum.o [1]
  .rodata              const    0x0000e8b8    0x14  ThePoet_ThePendulum.o [1]
  .rodata              const    0x0000e8cc    0x14  ThePoet_ThePendulum.o [1]
  .rodata              const    0x0000e8e0    0x14  ThePoet_ThePendulum.o [1]
  .rodata              const    0x0000e8f4    0x14  ThePoet_ThePendulum.o [1]
  .rodata              const    0x0000e908    0x14  ThePoet_ThePendulum.o [1]
  .rodata              const    0x0000e91c    0x14  ThePoet_ThePendulum.o [1]
  .rodata              const    0x0000e930    0x10  main.o [1]
  .rodata              const    0x0000e940    0x10  Poet_Bluetooth.o [1]
  .rodata              const    0x0000e950    0x10  Poet_Bluetooth.o [1]
  .rodata              const    0x0000e960    0x10  ThePoet_ThePendulum.o [1]
  .rodata              const    0x0000e970    0x10  ThePoet_ThePendulum.o [1]
  .rodata              const    0x0000e980    0x10  ThePoet_ThePendulum.o [1]
  .rodata              const    0x0000e990    0x10  ThePoet_ThePendulum.o [1]
  .rodata              const    0x0000e9a0    0x10  ThePoet_ThePendulum.o [1]
  .rodata              const    0x0000e9b0    0x10  ThePoet_ThePendulum.o [1]
  .rodata              const    0x0000e9c0    0x10  ThePoet_ThePendulum.o [1]
  .rodata              const    0x0000e9d0    0x10  ThePoet_ThePendulum.o [1]
  .rodata              const    0x0000e9e0    0x10  ThePoet_ThePendulum.o [1]
  .rodata              const    0x0000e9f0    0x10  ThePoet_ThePendulum.o [1]
  .rodata              const    0x0000ea00    0x10  ThePoet_ThePendulum.o [1]
  .rodata              const    0x0000ea10    0x10  ThePoet_ThePendulum.o [1]
  .rodata              const    0x0000ea20    0x10  ThePoet_ThePendulum.o [1]
  .rodata              const    0x0000ea30    0x10  ThePoet_ThePendulum.o [1]
  .rodata              const    0x0000ea40    0x10  ThePoet_ThePendulum.o [1]
  .rodata              const    0x0000ea50    0x10  ThePoet_ThePendulum.o [1]
  .rodata              const    0x0000ea60    0x10  ThePoet_ThePendulum.o [1]
  .rodata              const    0x0000ea70    0x10  ThePoet_ThePendulum.o [1]
  .rodata              const    0x0000ea80    0x10  ThePoet_ThePendulum.o [1]
  .rodata              const    0x0000ea90    0x10  ThePoet_ThePendulum.o [1]
  .rodata              const    0x0000eaa0    0x10  ThePoet_ThePendulum.o [1]
  .rodata              const    0x0000eab0    0x10  ThePoet_ThePendulum.o [1]
  .rodata              const    0x0000eac0    0x10  ThePoet_ThePendulum.o [1]
  .rodata              const    0x0000ead0     0xc  Poet_Bluetooth.o [1]
  .rodata              const    0x0000eadc     0xc  Poet_Bluetooth.o [1]
  .rodata              const    0x0000eae8     0xc  Poet_Bluetooth.o [1]
  .rodata              const    0x0000eaf4     0xc  Poet_Bluetooth.o [1]
  .rodata              const    0x0000eb00     0xc  Poet_Bluetooth.o [1]
  .rodata              const    0x0000eb0c     0xc  Poet_Bluetooth.o [1]
  .rodata              const    0x0000eb18     0xc  Poet_Bluetooth.o [1]
  .rodata              const    0x0000eb24     0xc  Poet_Bluetooth.o [1]
  .rodata              const    0x0000eb30     0xc  Poet_Bluetooth.o [1]
  .rodata              const    0x0000eb3c     0xc  ThePoet_ThePendulum.o [1]
  .rodata              const    0x0000eb48     0xc  ThePoet_ThePendulum.o [1]
  .rodata              const    0x0000eb54     0xc  ThePoet_ThePendulum.o [1]
  .rodata              const    0x0000eb60     0xc  ThePoet_ThePendulum.o [1]
  .rodata              const    0x0000eb6c     0xc  ThePoet_ThePendulum.o [1]
  .rodata              const    0x0000eb78     0xc  ThePoet_ThePendulum.o [1]
  .rodata              const    0x0000eb84     0xc  ThePoet_ThePendulum.o [1]
  .rodata              const    0x0000eb90     0xc  ThePoet_ThePendulum.o [1]
  .rodata              const    0x0000eb9c     0xc  ThePoet_ThePendulum.o [1]
  .rodata              const    0x0000eba8     0xc  ThePoet_ThePendulum.o [1]
  .rodata              const    0x0000ebb4     0xc  ThePoet_ThePendulum.o [1]
  .rodata              const    0x0000ebc0     0xc  ThePoet_ThePendulum.o [1]
  .rodata              const    0x0000ebcc     0xc  ThePoet_ThePendulum.o [1]
  .rodata              const    0x0000ebd8     0xc  ThePoet_ThePendulum.o [1]
  .rodata              const    0x0000ebe4     0xc  ThePoet_ThePendulum.o [1]
  .rodata              const    0x0000ebf0     0xc  ThePoet_ThePendulum.o [1]
  .rodata              const    0x0000ebfc     0xc  ThePoet_ThePendulum.o [1]
  .rodata              const    0x0000ec08     0xc  ThePoet_ThePendulum.o [1]
  .rodata              const    0x0000ec14     0xc  ThePoet_ThePendulum.o [1]
  .rodata              const    0x0000ec20     0xc  ThePoet_ThePendulum.o [1]
  .rodata              const    0x0000ec2c     0xc  ThePoet_ThePendulum.o [1]
  .rodata              const    0x0000ec38     0xc  ThePoet_ThePendulum.o [1]
  .rodata              const    0x0000ec44     0xc  ThePoet_ThePendulum.o [1]
  .rodata              const    0x0000ec50     0xc  ThePoet_ThePendulum.o [1]
  .rodata              const    0x0000ec5c     0xc  ThePoet_ThePendulum.o [1]
  .rodata              const    0x0000ec68     0xc  ThePoet_ThePendulum.o [1]
  .rodata              const    0x0000ec74     0xc  ThePoet_ThePendulum.o [1]
  .rodata              const    0x0000ec80     0xc  ThePoet_ThePendulum.o [1]
  .rodata              const    0x0000ec8c     0xc  ThePoet_ThePendulum.o [1]
  .rodata              const    0x0000ec98     0xc  ThePoet_ThePendulum.o [1]
  .rodata              const    0x0000eca4     0xc  ThePoet_ThePendulum.o [1]
  .rodata              const    0x0000ecb0     0xc  ThePoet_ThePendulum.o [1]
  .rodata              const    0x0000ecbc     0xc  ThePoet_ThePendulum.o [1]
  .rodata              const    0x0000ecc8     0xc  ThePoet_ThePendulum.o [1]
  .rodata              const    0x0000ecd4     0xc  ThePoet_ThePendulum.o [1]
  .rodata              const    0x0000ece0     0xc  ThePoet_ThePendulum.o [1]
  .rodata              const    0x0000ecec     0xc  ThePoet_ThePendulum.o [1]
  .rodata              const    0x0000ecf8     0xc  ThePoet_ThePendulum.o [1]
  .rodata              const    0x0000ed04     0xc  ThePoet_ThePendulum.o [1]
  .text                ro code  0x0000ed10     0xc  cstartup_M.o [5]
  .rodata              const    0x0000ed1c     0x8  Pendulum_EndlessFormsMostBeautiful.o [1]
  .rodata              const    0x0000ed24     0x8  Poet_Bluetooth.o [1]
  .rodata              const    0x0000ed2c     0x8  Poet_Bluetooth.o [1]
  .rodata              const    0x0000ed34     0x8  Poet_Bluetooth.o [1]
  .rodata              const    0x0000ed3c     0x8  Poet_Revelation.o [1]
  .rodata              const    0x0000ed44     0x8  ThePoet_ThePendulum.o [1]
  .rodata              const    0x0000ed4c     0x8  ThePoet_ThePendulum.o [1]
  .rodata              const    0x0000ed54     0x8  ThePoet_ThePendulum.o [1]
  .rodata              const    0x0000ed5c     0x8  ThePoet_ThePendulum.o [1]
  .rodata              const    0x0000ed64     0x8  ThePoet_ThePendulum.o [1]
  .rodata              const    0x0000ed6c     0x8  ThePoet_ThePendulum.o [1]
  .rodata              const    0x0000ed74     0x8  ThePoet_ThePendulum.o [1]
  .rodata              const    0x0000ed7c     0x8  ThePoet_ThePendulum.o [1]
  .rodata              const    0x0000ed84     0x8  ThePoet_ThePendulum.o [1]
  .rodata              const    0x0000ed8c     0x8  ThePoet_ThePendulum.o [1]
  .rodata              const    0x0000ed94     0x8  ThePoet_ThePendulum.o [1]
  .rodata              const    0x0000ed9c     0x8  ThePoet_ThePendulum.o [1]
  .rodata              const    0x0000eda4     0x8  ThePoet_ThePendulum.o [1]
  .rodata              const    0x0000edac     0x8  ThePoet_ThePendulum.o [1]
  .rodata              const    0x0000edb4     0x8  ThePoet_ThePendulum.o [1]
  .rodata              const    0x0000edbc     0x8  ThePoet_ThePendulum.o [1]
  .rodata              const    0x0000edc4     0x8  ThePoet_ThePendulum.o [1]
  .rodata              const    0x0000edcc     0x8  ThePoet_ThePendulum.o [1]
  .rodata              const    0x0000edd4     0x8  ThePoet_ThePendulum.o [1]
  .rodata              const    0x0000eddc     0x8  ThePoet_ThePendulum.o [1]
  .rodata              const    0x0000ede4     0x8  ThePoet_ThePendulum.o [1]
  .rodata              const    0x0000edec     0x8  ThePoet_ThePendulum.o [1]
  .rodata              const    0x0000edf4     0x8  ThePoet_ThePendulum.o [1]
  .rodata              const    0x0000edfc     0x8  ThePoet_ThePendulum.o [1]
  .rodata              const    0x0000ee04     0x8  ThePoet_ThePendulum.o [1]
  .rodata              const    0x0000ee0c     0x8  ThePoet_ThePendulum.o [1]
                              - 0x0000ee14  0xe9b8

"P2", part 1 of 2:                            0xac
  .data                         0x1fff0410    0x60  <Block>
    .data-1                     0x1fff0410    0x5d  <Init block>
      .data            inited   0x1fff0410    0x58  start_ShunAn.o [1]
      .data            inited   0x1fff0468     0x4  start_ShunAn.o [1]
      .data            inited   0x1fff046c     0x1  ThePoet_ThePendulum.o [1]
  CodeRelocateRam               0x1fff0470    0x4c  <Block>
    CodeRelocateRam-1           0x1fff0470    0x4c  <Init block>
      .textrw          inited   0x1fff0470    0x4c  start_ShunAn.o [1]
                              - 0x1fff04bc    0xac

"P2", part 2 of 2:                          0xf5d2
  .bss                          0x1fff04bc  0xf5d2  <Block>
    .bss               zero     0x1fff04bc    0x18  main.o [1]
    .bss               zero     0x1fff04d4    0x10  Pendulum_EndlessFormsMostBeautiful.o [1]
    .bss               zero     0x1fff04e4    0xe0  Pendulum_EndlessFormsMostBeautiful.o [1]
    .bss               zero     0x1fff05c4   0x230  Pendulum_EndlessFormsMostBeautiful.o [1]
    .bss               zero     0x1fff07f4    0x8c  Pendulum_EndlessFormsMostBeautiful.o [1]
    .bss               zero     0x1fff0880  0x6f58  Poet_Bluetooth.o [1]
    .bss               zero     0x1fff77d8     0xc  Poet_ImageBeholder.o [1]
    .bss               zero     0x1fff77e4  0x56b8  Poet_ImageBeholder.o [1]
    .bss               zero     0x1fffce9c  0x2b5c  Poet_ImageBeholder.o [1]
    .bss               zero     0x1ffff9f8    0x20  Poet_InputInterface.o [1]
    .bss               zero     0x1ffffa18    0x18  Poet_Motor.o [1]
    .bss               zero     0x1ffffa30     0x4  Poet_Motor.o [1]
    .bss               zero     0x1ffffa34     0x4  Poet_Motor.o [1]
    .bss               zero     0x1ffffa38     0x4  start_ShunAn.o [1]
    .bss               zero     0x1ffffa3c     0x4  start_ShunAn.o [1]
    .bss               zero     0x1ffffa40     0x4  start_ShunAn.o [1]
    .bss               zero     0x1ffffa44    0x28  ThePoet_ThePendulum.o [1]
    .bss               zero     0x1ffffa6c     0x8  ThePoet_ThePendulum.o [1]
    .bss               zero     0x1ffffa74     0x8  ThePoet_ThePendulum.o [1]
    .bss               zero     0x1ffffa7c     0x4  ThePoet_ThePendulum.o [1]
    .bss               zero     0x1ffffa80     0x2  Poet_ImageBeholder.o [1]
    .bss               zero     0x1ffffa82     0x1  Poet_Bluetooth.o [1]
    .bss               zero     0x1ffffa83     0x1  Poet_Bluetooth.o [1]
    .bss               zero     0x1ffffa84     0x1  Poet_ImageBeholder.o [1]
    .bss               zero     0x1ffffa85     0x1  Poet_ImageBeholder.o [1]
    .bss               zero     0x1ffffa86     0x1  ThePoet_ThePendulum.o [1]
    .bss               zero     0x1ffffa87     0x1  ThePoet_ThePendulum.o [1]
    .bss               zero     0x1ffffa88     0x1  ThePoet_ThePendulum.o [1]
    .bss               zero     0x1ffffa89     0x1  ThePoet_ThePendulum.o [1]
    .bss               zero     0x1ffffa8a     0x1  ThePoet_ThePendulum.o [1]
    .bss               zero     0x1ffffa8b     0x1  ThePoet_ThePendulum.o [1]
    .bss               zero     0x1ffffa8c     0x1  ThePoet_ThePendulum.o [1]
    .bss               zero     0x1ffffa8d     0x1  ThePoet_ThePendulum.o [1]
                              - 0x1ffffa8e  0xf5d2


*******************************************************************************
*** INIT TABLE
***

          Address     Size
          -------     ----
Zero (__iar_zero_init3)
    1 destination range, total size 0xf5d2:
          0x1fff04bc  0xf5d2



*******************************************************************************
*** MODULE SUMMARY
***

    Module                                ro code  rw code  ro data  rw data
    ------                                -------  -------  -------  -------
D:\´´×÷ÊÒ\·ÉË¼¿¨¶ûÖÇÄÜÐ¡³µ\Ë³°µÈýºÅ\´úÂë\Ë³°µÈýºÅ-»ªÄÏÈü×îºóÆßÌì-7.11\FLASH_1MB\Obj: [1]
    BlessedAlien.o                                              552
    IIC.o                                     380
    Pendulum_EndlessFormsMostBeautiful.o   17 720                 8      940
    Poet_Bluetooth.o                        1 612               208   28 506
    Poet_Buzzer.o                             216
    Poet_ImageBeholder.o                    3 188                     33 316
    Poet_InputInterface.o                     476                         32
    Poet_Motor.o                            3 288                         32
    Poet_Navigation.o                         360
    Poet_Revelation.o                       2 884                88
    Poet_Servo.o                              816
    ShunAn_Lib.o                                                  2
    ThePoet_ThePendulum.o                  17 444             1 233       69
    arm_cm4.o                                 322
    main.o                                    662                84       24
    start_ShunAn.o                          1 408       76    1 208      104
    startup_ShunAn_K60FX512VLQ15.o             76
    ------------------------------------------------------------------------
    Total:                                 50 852       76    3 383   63 023

command line: [2]
    ------------------------------------------------------------------------
    Total:

dl7M_tln.a: [3]
    div.o                                      14
    exit.o                                      4
    low_level_init.o                            4
    sprintf.o                                  52
    xprintffull.o                           3 478
    xsprout.o                                  10
    ------------------------------------------------------------------------
    Total:                                  3 562

m7M_tlv.a: [4]
    DblAdd.o                                  232
    DblCmpGe.o                                 46
    DblCmpLe.o                                 46
    DblDiv.o                                  582
    DblMul.o                                  418
    DblSub.o                                  384
    DblToFlt.o                                144
    DblToI32.o                                 88
    FltToDbl.o                                 78
    I32ToDbl.o                                 48
    fpinit_M.o                                 26
    xdnorm.o                                   66
    xdscale.o                                 276
    ------------------------------------------------------------------------
    Total:                                  2 434

rt7M_tl.a: [5]
    ABImemcpy_unaligned.o                     118
    I64DivMod.o                               238
    I64DivZer.o                                 2
    cexit.o                                    10
    cmain.o                                    26
    cstartup_M.o                               12
    data_init.o                                40
    memchr.o                                   88
    strchr.o                                   22
    strlen.o                                   54
    zero_init3.o                               34
    ------------------------------------------------------------------------
    Total:                                    644

shb_l.a: [6]
    exit.o                                     20
    ------------------------------------------------------------------------
    Total:                                     20

    Gaps                                       26
    Linker created                              8                19
----------------------------------------------------------------------------
    Grand Total:                           57 546       76    3 402   63 023


*******************************************************************************
*** ENTRY LIST
***

Entry                      Address    Size  Type      Object
-----                      -------    ----  ----      ------
.bss$$Base              0x1fff04bc           --   Gb  - Linker created -
.bss$$Limit             0x1ffffa8e           --   Gb  - Linker created -
.data$$Base             0x1fff0410           --   Gb  - Linker created -
.data$$Limit            0x1fff0470           --   Gb  - Linker created -
.data_init$$Base        0x0000e670           --   Gb  - Linker created -
.data_init$$Limit       0x0000e6d0           --   Gb  - Linker created -
?main                   0x0000e7dd          Code  Gb  cmain.o [5]
Always_Draw_Width       0x00008e65    0x94  Code  Gb  ThePoet_ThePendulum.o [1]
C6x8                    0x0000e448   0x228  Data  Gb  BlessedAlien.o [1]
CodeRelocate$$Base      0x0000e6d0           --   Gb  - Linker created -
CodeRelocate$$Limit     0x0000e71c           --   Gb  - Linker created -
CodeRelocateRam$$Base   0x1fff0470           --   Gb  - Linker created -
CodeRelocateRam$$Limit  0x1fff04bc           --   Gb  - Linker created -
DEBUG_INFORMATION       0x000088bd    0x42  Code  Gb  ThePoet_ThePendulum.o [1]
Region$$Table$$Base     0x0000e794           --   Gb  - Linker created -
Region$$Table$$Limit    0x0000e7a4           --   Gb  - Linker created -
Reset_Handler           0x00000411          Code  Gb  startup_ShunAn_K60FX512VLQ15.o [1]
StartRunningShunAnThird
                        0x0000c1f9    0x1c  Code  Gb  ThePoet_ThePendulum.o [1]
_GenldFull              0x00007b41   0x262  Code  Lc  xprintffull.o [3]
_LdtobFull              0x00007751   0x3ea  Code  Lc  xprintffull.o [3]
_LitobFull              0x0000763d   0x10c  Code  Lc  xprintffull.o [3]
_PrintfFull             0x00007055   0x5e2  Code  Gb  xprintffull.o [3]
_PutcharsFull           0x00007da3    0x2e  Code  Lc  xprintffull.o [3]
_SProut                 0x000067fb     0xa  Code  Gb  xsprout.o [3]
__BOOT_STACK_ADDRESS {Abs}
                        0x2000fff8           --   Gb  command line/config [2]
__VECTOR_RAM {Abs}      0x1fff0000           --   Gb  command line/config [2]
__VECTOR_TABLE {Abs}    0x00000000           --   Gb  command line/config [2]
__aeabi_cdcmple         0x00007fc5          Code  Gb  DblCmpLe.o [4]
__aeabi_cdrcmple        0x00006805          Code  Gb  DblCmpGe.o [4]
__aeabi_d2f             0x00006af5          Code  Gb  DblToFlt.o [4]
__aeabi_d2iz            0x000069b5          Code  Gb  DblToI32.o [4]
__aeabi_d2uiz           0x000069e1          Code  Gb  DblToI32.o [4]
__aeabi_dadd            0x00006a0d          Code  Gb  DblAdd.o [4]
__aeabi_ddiv            0x00006d61          Code  Gb  DblDiv.o [4]
__aeabi_dmul            0x00006659          Code  Gb  DblMul.o [4]
__aeabi_dsub            0x00006835          Code  Gb  DblSub.o [4]
__aeabi_f2d             0x000065e9          Code  Gb  FltToDbl.o [4]
__aeabi_i2d             0x000065b9          Code  Gb  I32ToDbl.o [4]
__aeabi_ldiv0           0x00008119          Code  Gb  I64DivZer.o [5]
__aeabi_ui2d            0x000065cd          Code  Gb  I32ToDbl.o [4]
__aeabi_uldivmod        0x00007e95          Code  Gb  I64DivMod.o [5]
__cmain                 0x0000e7dd          Code  Gb  cmain.o [5]
__exit                  0x0000e80d    0x14  Code  Gb  exit.o [6]
__iar_Dnorm             0x00007f83    0x42  Code  Gb  xdnorm.o [4]
__iar_Dscale            0x00007ff5   0x114  Code  Gb  xdscale.o [4]
__iar_Memchr            0x00007e3d          Code  Gb  memchr.o [5]
__iar_Strchr            0x00007ded          Code  Gb  strchr.o [5]
__iar_d2uiz             0x000069ed          Code  Gb  DblToI32.o [4]
__iar_dadd              0x00006a21          Code  Gb  DblAdd.o [4]
__iar_data_init3        0x0000e76d    0x28  Code  Gb  data_init.o [5]
__iar_dsub              0x00006849          Code  Gb  DblSub.o [4]
__iar_dsubStart         0x0000685b          Code  Gb  DblSub.o [4]
__iar_init_vfp          0x0000e7c1          Code  Gb  fpinit_M.o [4]
__iar_program_start     0x0000ed11          Code  Gb  cstartup_M.o [5]
__iar_ui2d              0x000065d1          Code  Gb  I32ToDbl.o [4]
__iar_unaligned___aeabi_memcpy
                        0x00006fa9          Code  Gb  ABImemcpy_unaligned.o [5]
__iar_unaligned___aeabi_memcpy4
                        0x00006fc9          Code  Gb  ABImemcpy_unaligned.o [5]
__iar_unaligned___aeabi_memcpy8
                        0x00006fc9          Code  Gb  ABImemcpy_unaligned.o [5]
__iar_zero_init3        0x00006637    0x22  Code  Gb  zero_init3.o [5]
__low_level_init        0x0000e7f7     0x4  Code  Gb  low_level_init.o [3]
__vector_table          0x00000000   0x410  Data  Gb  start_ShunAn.o [1]
_call_main              0x0000e7e9          Code  Gb  cmain.o [5]
_exit                   0x0000e801          Code  Gb  cexit.o [5]
_main                   0x0000e7f3          Code  Gb  cmain.o [5]
b_Beholder_Init         0x0000ccb7   0x204  Code  Gb  Poet_ImageBeholder.o [1]
b_Beholder_InteruptInit
                        0x0000cebb   0x228  Code  Gb  Poet_ImageBeholder.o [1]
b_GetLightChaserStatus  0x00004a2b    0x1c  Code  Gb  Poet_Buzzer.o [1]
b_Navigation_Init       0x0000e021   0x138  Code  Gb  Poet_Navigation.o [1]
b_solve8x8_Ax_b         0x000009d5   0x44e  Code  Gb  Pendulum_EndlessFormsMostBeautiful.o [1]
bus_clk_khz             0x1ffffa40     0x4  Data  Gb  start_ShunAn.o [1]
core_clk_khz            0x1ffffa38     0x4  Data  Gb  start_ShunAn.o [1]
core_clk_mhz            0x1ffffa3c     0x4  Data  Gb  start_ShunAn.o [1]
default_isr             0x0000db97     0x2  Code  Gb  start_ShunAn.o [1]
disable_irq             0x0000e241    0x54  Code  Gb  arm_cm4.o [1]
div                     0x00008109     0xe  Code  Gb  div.o [3]
enable_irq              0x0000e18f    0xb2  Code  Gb  arm_cm4.o [1]
exit                    0x0000e7fb     0x4  Code  Gb  exit.o [3]
m_Button_Timer          0x1ffff9f8    0x20  Data  Gb  Poet_InputInterface.o [1]
m_CarRunningMode        0x1fff04d4    0x10  Data  Gb  Pendulum_EndlessFormsMostBeautiful.o [1]
m_ColorOLED_pins        0x0000e744    0x28  Data  Gb  Poet_Revelation.o [1]
m_Control               0x1fff04e4    0xe0  Data  Gb  Pendulum_EndlessFormsMostBeautiful.o [1]
m_ImageAbstract         0x1fff05c4   0x230  Data  Gb  Pendulum_EndlessFormsMostBeautiful.o [1]
m_ImageBeholder_Data    0x1fffce9c  0x2b5c  Data  Gb  Poet_ImageBeholder.o [1]
m_ImageTesting          0x1fff07f4    0x8c  Data  Gb  Pendulum_EndlessFormsMostBeautiful.o [1]
m_ModeMachine           0x1ffffa44    0x28  Data  Gb  ThePoet_ThePendulum.o [1]
m_MonoOLED_pins         0x0000e71c    0x28  Data  Gb  Poet_Revelation.o [1]
m_need_tx               0x1fff0880  0x6f58  Data  Gb  Poet_Bluetooth.o [1]
m_self_Beholder         0x1fff77d8     0xc  Data  Gb  Poet_ImageBeholder.o [1]
m_self_Motor_Para       0x1ffffa18    0x18  Data  Gb  Poet_Motor.o [1]
m_system                0x1fff04bc    0x18  Data  Gb  main.o [1]
main                    0x0000c541   0x23a  Code  Gb  main.o [1]
mcg_cfg                 0x1fff0410    0x58  Data  Gb  start_ShunAn.o [1]
mcg_div                 0x1fff0468     0x4  Data  Gb  start_ShunAn.o [1]
mcg_div_count           0x0000db99   0x308  Code  Gb  start_ShunAn.o [1]
memchr                  0x00007e3d          Code  Gb  memchr.o [5]
modeMachine_Always_CameraInformationTesting_DataShow
                        0x0000ac65    0x90  Code  Gb  ThePoet_ThePendulum.o [1]
modeMachine_Always_CameraTestingMach_Output
                        0x00009355   0x212  Code  Gb  ThePoet_ThePendulum.o [1]
modeMachine_Always_CameraTestingMach_OutputCalibration
                        0x0000901d   0x2e8  Code  Gb  ThePoet_ThePendulum.o [1]
modeMachine_Always_CameraTestingMach_Output_ExtraPara
                        0x000095e5   0x226  Code  Gb  ThePoet_ThePendulum.o [1]
modeMachine_Always_ImageOutput
                        0x00008efd    0x3c  Code  Gb  ThePoet_ThePendulum.o [1]
modeMachine_Always_MotorTestingPanel_Display
                        0x00008c9d    0xec  Code  Gb  ThePoet_ThePendulum.o [1]
modeMachine_Always_ShowFuncName
                        0x0000a019    0x46  Code  Gb  ThePoet_ThePendulum.o [1]
modeMachine_BasicTesting_DataShow
                        0x00008599     0xc  Code  Gb  ThePoet_ThePendulum.o [1]
modeMachine_BasicTesting_TestingMode
                        0x0000abc1    0x48  Code  Gb  ThePoet_ThePendulum.o [1]
modeMachine_BasicTesting_TurnMode
                        0x0000a94b    0x50  Code  Gb  ThePoet_ThePendulum.o [1]
modeMachine_BlackBar2Littele
                        0x0000bd8d     0xc  Code  Gb  ThePoet_ThePendulum.o [1]
modeMachine_BlackBar2Littele_Display
                        0x0000bdc5   0x33c  Code  Gb  ThePoet_ThePendulum.o [1]
modeMachine_CameraInformationTesting_TestingMode
                        0x0000ac0d    0x46  Code  Gb  ThePoet_ThePendulum.o [1]
modeMachine_CameraInformationTesting_TurnMode
                        0x0000aa65    0x52  Code  Gb  ThePoet_ThePendulum.o [1]
modeMachine_CameraTestingMach_CalibrationModeSwitch
                        0x00008faf    0x62  Code  Gb  ThePoet_ThePendulum.o [1]
modeMachine_CameraTestingMach_Down
                        0x00008f59    0x10  Code  Gb  ThePoet_ThePendulum.o [1]
modeMachine_CameraTestingMach_Left
                        0x00008f49    0x10  Code  Gb  ThePoet_ThePendulum.o [1]
modeMachine_CameraTestingMach_Right
                        0x00008f69    0x10  Code  Gb  ThePoet_ThePendulum.o [1]
modeMachine_CameraTestingMach_Up
                        0x00008f39    0x10  Code  Gb  ThePoet_ThePendulum.o [1]
modeMachine_CameraTestingMach_WriteNowPoint
                        0x00008f7d    0x32  Code  Gb  ThePoet_ThePendulum.o [1]
modeMachine_Camera_x_run
                        0x1ffffa8c     0x1  Data  Lc  ThePoet_ThePendulum.o [1]
modeMachine_Camera_y_run
                        0x1ffffa8d     0x1  Data  Lc  ThePoet_ThePendulum.o [1]
modeMachine_Down_MotorTestingMach_Output
                        0x00009811    0xf2  Code  Gb  ThePoet_ThePendulum.o [1]
modeMachine_GiveSpeedMode
                        0x0000a0f5    0x54  Code  Gb  ThePoet_ThePendulum.o [1]
modeMachine_GiveSpeedMode_Add
                        0x0000a149    0x14  Code  Gb  ThePoet_ThePendulum.o [1]
modeMachine_GiveSpeedMode_Cut
                        0x0000a15d    0x14  Code  Gb  ThePoet_ThePendulum.o [1]
modeMachine_ImageBeholderTesting_TestingMode
                        0x0000ab69    0x52  Code  Gb  ThePoet_ThePendulum.o [1]
modeMachine_ImageBeholderTesting_TurnOnMode
                        0x000099b5    0x56  Code  Gb  ThePoet_ThePendulum.o [1]
modeMachine_ImageBeholder_ReStart
                        0x000099ad     0x8  Code  Gb  ThePoet_ThePendulum.o [1]
modeMachine_ImageOutPut_GetNumber
                        0x0000b371    0x4a  Code  Gb  ThePoet_ThePendulum.o [1]
modeMachine_ImageOutPut_ShowAlways
                        0x0000b325     0x8  Code  Gb  ThePoet_ThePendulum.o [1]
modeMachine_ImageOutPut_Testing
                        0x0000b20d    0x88  Code  Gb  ThePoet_ThePendulum.o [1]
modeMachine_ImageOutPut_TurnOnMode
                        0x0000b195    0x72  Code  Gb  ThePoet_ThePendulum.o [1]
modeMachine_ImageOutPut_Tx
                        0x0000b32d    0x40  Code  Gb  ThePoet_ThePendulum.o [1]
modeMachine_ImageOutPut_UsedNormal
                        0x0000b29d    0x88  Code  Gb  ThePoet_ThePendulum.o [1]
modeMachine_MiddlineTesting_AlwaysShow
                        0x0000af95    0xa0  Code  Gb  ThePoet_ThePendulum.o [1]
modeMachine_MiddlineTesting_AlwaysShow_Extra
                        0x0000b041    0xa0  Code  Gb  ThePoet_ThePendulum.o [1]
modeMachine_MiddlineTesting_AlwaysShow_ExtraExtra
                        0x0000b0ed    0xa0  Code  Gb  ThePoet_ThePendulum.o [1]
modeMachine_MiddlineTesting_TestingMode
                        0x0000ad69    0x64  Code  Gb  ThePoet_ThePendulum.o [1]
modeMachine_MiddlineTesting_TestingMode_AddKCurve
                        0x0000af0b    0x16  Code  Gb  ThePoet_ThePendulum.o [1]
modeMachine_MiddlineTesting_TestingMode_AddMoreKCurve
                        0x0000af3b    0x16  Code  Gb  ThePoet_ThePendulum.o [1]
modeMachine_MiddlineTesting_TestingMode_AddMorePCurve
                        0x0000aedd    0x16  Code  Gb  ThePoet_ThePendulum.o [1]
modeMachine_MiddlineTesting_TestingMode_AddPCurve
                        0x0000aeb1    0x16  Code  Gb  ThePoet_ThePendulum.o [1]
modeMachine_MiddlineTesting_TestingMode_AddStopY_Pos
                        0x0000af67    0x10  Code  Gb  ThePoet_ThePendulum.o [1]
modeMachine_MiddlineTesting_TestingMode_CutKCurve
                        0x0000af25    0x16  Code  Gb  ThePoet_ThePendulum.o [1]
modeMachine_MiddlineTesting_TestingMode_CutMoreKCurve
                        0x0000af51    0x16  Code  Gb  ThePoet_ThePendulum.o [1]
modeMachine_MiddlineTesting_TestingMode_CutMorePCurve
                        0x0000aef5    0x16  Code  Gb  ThePoet_ThePendulum.o [1]
modeMachine_MiddlineTesting_TestingMode_CutPCurve
                        0x0000aec7    0x16  Code  Gb  ThePoet_ThePendulum.o [1]
modeMachine_MiddlineTesting_TestingMode_CutStopY_Pos
                        0x0000af77    0x10  Code  Gb  ThePoet_ThePendulum.o [1]
modeMachine_MiddlineTesting_TestingMode_Extra
                        0x0000add5    0x60  Code  Gb  ThePoet_ThePendulum.o [1]
modeMachine_MiddlineTesting_TestingMode_ExtraExtra
                        0x0000ae49    0x64  Code  Gb  ThePoet_ThePendulum.o [1]
modeMachine_MiddlineTesting_TurnMode
                        0x0000ad05    0x5c  Code  Gb  ThePoet_ThePendulum.o [1]
modeMachine_MotorAlways_Show
                        0x00009e73    0x46  Code  Gb  ThePoet_ThePendulum.o [1]
modeMachine_MotorPID_D_Change
                        0x00009c99    0x88  Code  Gb  ThePoet_ThePendulum.o [1]
modeMachine_MotorPID_I_Change
                        0x00009c0d    0x88  Code  Gb  ThePoet_ThePendulum.o [1]
modeMachine_MotorPID_P_Change
                        0x00009b91    0x6a  Code  Gb  ThePoet_ThePendulum.o [1]
modeMachine_MotorPID_TurnOnMode
                        0x00009b35    0x5c  Code  Gb  ThePoet_ThePendulum.o [1]
modeMachine_MotorPID_Used_Last
                        0x00009d29    0x72  Code  Gb  ThePoet_ThePendulum.o [1]
modeMachine_MotorTesting_TestingMode
                        0x0000ab15    0x48  Code  Gb  ThePoet_ThePendulum.o [1]
modeMachine_MotorTesting_TurnMode
                        0x0000aa01    0x52  Code  Gb  ThePoet_ThePendulum.o [1]
modeMachine_Motor_D_Add
                        0x00009e23    0x1a  Code  Gb  ThePoet_ThePendulum.o [1]
modeMachine_Motor_D_Cut
                        0x00009e3d    0x36  Code  Gb  ThePoet_ThePendulum.o [1]
modeMachine_Motor_I_Add
                        0x00009dd1    0x1a  Code  Gb  ThePoet_ThePendulum.o [1]
modeMachine_Motor_I_Cut
                        0x00009ded    0x36  Code  Gb  ThePoet_ThePendulum.o [1]
modeMachine_Motor_P_Add
                        0x00009d9b    0x1a  Code  Gb  ThePoet_ThePendulum.o [1]
modeMachine_Motor_P_Cut
                        0x00009db5    0x1a  Code  Gb  ThePoet_ThePendulum.o [1]
modeMachine_Move2testingMode
                        0x00008c05    0x10  Code  Gb  ThePoet_ThePendulum.o [1]
modeMachine_Move_ServoTestingPanel_Display
                        0x00008c15    0x84  Code  Gb  ThePoet_ThePendulum.o [1]
modeMachine_Move_ServoTesting_DownOutPut
                        0x0000991f    0x1c  Code  Gb  ThePoet_ThePendulum.o [1]
modeMachine_Move_ServoTesting_UpOutPut
                        0x00009903    0x1c  Code  Gb  ThePoet_ThePendulum.o [1]
modeMachine_ParaSet_TurnOnMode
                        0x00009adb    0x56  Code  Gb  ThePoet_ThePendulum.o [1]
modeMachine_ParaShow_Panel
                        0x0000a069    0x8c  Code  Gb  ThePoet_ThePendulum.o [1]
modeMachine_RtAngel     0x0000c109     0xc  Code  Gb  ThePoet_ThePendulum.o [1]
modeMachine_RtAngel_Display
                        0x0000c135    0xc4  Code  Gb  ThePoet_ThePendulum.o [1]
modeMachine_Running15s_RunMode
                        0x0000a6a5    0x56  Code  Gb  ThePoet_ThePendulum.o [1]
modeMachine_Running15s_TimeSetMode
                        0x0000a639    0x62  Code  Gb  ThePoet_ThePendulum.o [1]
modeMachine_Running30s_RunMode
                        0x0000a76b    0x56  Code  Gb  ThePoet_ThePendulum.o [1]
modeMachine_Running30s_TimeSetMode
                        0x0000a709    0x62  Code  Gb  ThePoet_ThePendulum.o [1]
modeMachine_Running5s_RunMode
                        0x0000a5ed    0x44  Code  Gb  ThePoet_ThePendulum.o [1]
modeMachine_Running5s_TimeSetMode
                        0x0000a58d    0x52  Code  Gb  ThePoet_ThePendulum.o [1]
modeMachine_RunningAlways_RunMode
                        0x0000a8f5    0x56  Code  Gb  ThePoet_ThePendulum.o [1]
modeMachine_RunningDark_Check
                        0x0000a829    0x64  Code  Gb  ThePoet_ThePendulum.o [1]
modeMachine_RunningLight_Check
                        0x0000a7c5    0x40  Code  Gb  ThePoet_ThePendulum.o [1]
modeMachine_RunningLight_RunMode
                        0x0000a8ad    0x3c  Code  Gb  ThePoet_ThePendulum.o [1]
modeMachine_RunningLight_TimeSetMode
                        0x0000a88d    0x16  Code  Gb  ThePoet_ThePendulum.o [1]
modeMachine_RunningLight_Waiting
                        0x0000a805    0x20  Code  Gb  ThePoet_ThePendulum.o [1]
modeMachine_RunningSet_TurnOnMode
                        0x00009a19    0x56  Code  Gb  ThePoet_ThePendulum.o [1]
modeMachine_ServoDiffAdd
                        0x0000a4b1    0x30  Code  Gb  ThePoet_ThePendulum.o [1]
modeMachine_ServoDiffCut
                        0x0000a4e5    0x30  Code  Gb  ThePoet_ThePendulum.o [1]
modeMachine_ServoDiffMode
                        0x0000a287    0x4e  Code  Gb  ThePoet_ThePendulum.o [1]
modeMachine_ServoDiff_Add
                        0x0000a2d5    0x24  Code  Gb  ThePoet_ThePendulum.o [1]
modeMachine_ServoDiff_Cut
                        0x0000a2f9    0x3e  Code  Gb  ThePoet_ThePendulum.o [1]
modeMachine_ServoFunction_Average
                        0x00009f31    0x74  Code  Gb  ThePoet_ThePendulum.o [1]
modeMachine_ServoFunction_Optimization
                        0x00009fa5    0x74  Code  Gb  ThePoet_ThePendulum.o [1]
modeMachine_ServoFunction_TurnOnMode
                        0x00009ebd    0x74  Code  Gb  ThePoet_ThePendulum.o [1]
modeMachine_ServoTesting_TestingMode
                        0x0000aab7    0x50  Code  Gb  ThePoet_ThePendulum.o [1]
modeMachine_ServoTesting_TurnMode
                        0x0000a9a9    0x52  Code  Gb  ThePoet_ThePendulum.o [1]
modeMachine_ShutterWidthChange
                        0x0000a345    0x46  Code  Gb  ThePoet_ThePendulum.o [1]
modeMachine_ShutterWidthChange_Add
                        0x0000a391    0x10  Code  Gb  ThePoet_ThePendulum.o [1]
modeMachine_ShutterWidthChange_Cut
                        0x0000a3a5    0x10  Code  Gb  ThePoet_ThePendulum.o [1]
modeMachine_SpecialAlwaysShow
                        0x0000b501     0x8  Code  Gb  ThePoet_ThePendulum.o [1]
modeMachine_SpecialStatusCut_TurnOnMode
                        0x0000b3c9    0x72  Code  Gb  ThePoet_ThePendulum.o [1]
modeMachine_SpecialStatusDisplay_Leaf
                        0x0000b449    0x68  Code  Gb  ThePoet_ThePendulum.o [1]
modeMachine_SpeedChangeChange
                        0x0000a3c5    0x44  Code  Gb  ThePoet_ThePendulum.o [1]
modeMachine_SpeedChangeChange_Add
                        0x0000a409    0x1a  Code  Gb  ThePoet_ThePendulum.o [1]
modeMachine_SpeedChangeChange_Cut
                        0x0000a429    0x1a  Code  Gb  ThePoet_ThePendulum.o [1]
modeMachine_SpeedCutMode
                        0x0000a171    0x54  Code  Gb  ThePoet_ThePendulum.o [1]
modeMachine_SpeedCutMode_Add
                        0x0000a1c5    0x1a  Code  Gb  ThePoet_ThePendulum.o [1]
modeMachine_SpeedCutMode_Cut
                        0x0000a1df    0x1a  Code  Gb  ThePoet_ThePendulum.o [1]
modeMachine_SpeedCutRatioMode
                        0x0000a1f9    0x56  Code  Gb  ThePoet_ThePendulum.o [1]
modeMachine_SpeedCutRatioMode_Add
                        0x0000a251    0x1a  Code  Gb  ThePoet_ThePendulum.o [1]
modeMachine_SpeedCutRatioMode_Cut
                        0x0000a26d    0x1a  Code  Gb  ThePoet_ThePendulum.o [1]
modeMachine_StartCarRunning_Paraments
                        0x0000c229    0x66  Code  Gb  ThePoet_ThePendulum.o [1]
modeMachine_StartCarSpeedAverage_Paraments
                        0x0000c3b1    0x66  Code  Gb  ThePoet_ThePendulum.o [1]
modeMachine_StartCarSpeedAverage_Setting
                        0x0000c417     0xe  Code  Gb  ThePoet_ThePendulum.o [1]
modeMachine_StartCarSpeedAverage_Setting_01
                        0x0000c425     0xe  Code  Gb  ThePoet_ThePendulum.o [1]
modeMachine_StartCarSpeedHigh_Paraments
                        0x0000c321    0x66  Code  Gb  ThePoet_ThePendulum.o [1]
modeMachine_StartCarSpeedLow_Paraments
                        0x0000c2a9    0x66  Code  Gb  ThePoet_ThePendulum.o [1]
modeMachine_StartCarSpeedMax_Setting
                        0x0000c387     0xe  Code  Gb  ThePoet_ThePendulum.o [1]
modeMachine_StartCarSpeedMax_Setting_01
                        0x0000c395     0xe  Code  Gb  ThePoet_ThePendulum.o [1]
modeMachine_StartCar_Paraments_Display
                        0x0000c441    0x44  Code  Gb  ThePoet_ThePendulum.o [1]
modeMachine_Testing_TurnOnMode
                        0x00009949    0x56  Code  Gb  ThePoet_ThePendulum.o [1]
modeMachine_ThirdParaments_Set
                        0x00009a75     0xa  Code  Gb  ThePoet_ThePendulum.o [1]
modeMachine_ThirdParaments_Viewer
                        0x0000b509   0x1b0  Code  Gb  ThePoet_ThePendulum.o [1]
modeMachine_TotleShutterChangeMode
                        0x0000a455    0x4e  Code  Gb  ThePoet_ThePendulum.o [1]
modeMachine_TotleShutter_TurnOnMode
                        0x00009a85    0x56  Code  Gb  ThePoet_ThePendulum.o [1]
modeMachine_TotleShutter_add
                        0x0000a51d    0x34  Code  Gb  ThePoet_ThePendulum.o [1]
modeMachine_TotleShutter_cut
                        0x0000a551    0x34  Code  Gb  ThePoet_ThePendulum.o [1]
modeMachine_Up_MotorTestingMach_Output
                        0x00008d99    0xcc  Code  Gb  ThePoet_ThePendulum.o [1]
modeMachine_set_speed_max_min_DisplayParaments_addCutSpeed
                        0x0000ba31    0x10  Code  Gb  ThePoet_ThePendulum.o [1]
modeMachine_set_speed_max_min_DisplayParaments_addMaxSpeed
                        0x0000b9ed    0x10  Code  Gb  ThePoet_ThePendulum.o [1]
modeMachine_set_speed_max_min_DisplayParaments_addMinSpeed
                        0x0000ba11    0x10  Code  Gb  ThePoet_ThePendulum.o [1]
modeMachine_set_speed_max_min_DisplayParaments_changeMutilServoPID
                        0x0000b97f    0x1e  Code  Gb  ThePoet_ThePendulum.o [1]
modeMachine_set_speed_max_min_DisplayParaments_changeMutilServoPID_AddParaments
                        0x0000b99d    0x1a  Code  Gb  ThePoet_ThePendulum.o [1]
modeMachine_set_speed_max_min_DisplayParaments_changeMutilServoPID_CutParaments
                        0x0000b9b9    0x34  Code  Gb  ThePoet_ThePendulum.o [1]
modeMachine_set_speed_max_min_DisplayParaments_closeLighting
                        0x0000b961    0x1e  Code  Gb  ThePoet_ThePendulum.o [1]
modeMachine_set_speed_max_min_DisplayParaments_cutCutSpeed
                        0x0000ba41    0x10  Code  Gb  ThePoet_ThePendulum.o [1]
modeMachine_set_speed_max_min_DisplayParaments_cutMaxSpeed
                        0x0000ba01    0x10  Code  Gb  ThePoet_ThePendulum.o [1]
modeMachine_set_speed_max_min_DisplayParaments_cutMinSpeed
                        0x0000ba21    0x10  Code  Gb  ThePoet_ThePendulum.o [1]
modeMachine_set_speed_max_min_DisplayParaments_firstPara
                        0x0000ba6d    0xb2  Code  Gb  ThePoet_ThePendulum.o [1]
modeMachine_set_speed_max_min_DisplayParaments_mutilServoPIDPara
                        0x0000bcad    0xd8  Code  Gb  ThePoet_ThePendulum.o [1]
modeMachine_set_speed_max_min_DisplayParaments_secondPara
                        0x0000bb29    0xb2  Code  Gb  ThePoet_ThePendulum.o [1]
modeMachine_set_speed_max_min_DisplayParaments_thirdPara
                        0x0000bbe9    0xb2  Code  Gb  ThePoet_ThePendulum.o [1]
modeMachine_set_speed_max_min_SettingMutilServoPID
                        0x0000b8f1    0x6a  Code  Gb  ThePoet_ThePendulum.o [1]
modeMachine_set_speed_max_min_SettingSpeedCut
                        0x0000b859    0x7e  Code  Gb  ThePoet_ThePendulum.o [1]
modeMachine_set_speed_max_min_SettingSpeedMax
                        0x0000b737    0x7c  Code  Gb  ThePoet_ThePendulum.o [1]
modeMachine_set_speed_max_min_SettingSpeedMin
                        0x0000b7c5    0x7e  Code  Gb  ThePoet_ThePendulum.o [1]
modeMachine_set_speed_max_min_TurnOnMode
                        0x0000b6c5    0x72  Code  Gb  ThePoet_ThePendulum.o [1]
n_GetMotor_speed        0x00004d5f     0xc  Code  Gb  Poet_Motor.o [1]
n_GetServoAngle         0x00005871    0x24  Code  Gb  Poet_Servo.o [1]
n_GetServoGraduated     0x00005895    0x7e  Code  Gb  Poet_Servo.o [1]
n_ImageBeholder_FourPointGetAndCal
                        0x0000811d   0x454  Code  Gb  ThePoet_ThePendulum.o [1]
n_getSteerMiddleLine_UsedAverage
                        0x00004775   0x1f0  Code  Gb  Pendulum_EndlessFormsMostBeautiful.o [1]
number_ServoGraduated   0x00006832     0x2  Data  Gb  ShunAn_Lib.o [1]
pit_init                0x0000df53    0x5a  Code  Gb  start_ShunAn.o [1]
pll_init                0x0000dea1    0xb2  Code  Gb  start_ShunAn.o [1]
set_irq_priority        0x0000e2bd     0xe  Code  Gb  arm_cm4.o [1]
set_sys_dividers        0x1fff0471    0x4c  Code  Gb  start_ShunAn.o [1]
set_vector_handler      0x0000dfad     0xa  Code  Gb  start_ShunAn.o [1]
sprintf                 0x00007021    0x34  Code  Gb  sprintf.o [3]
start                   0x0000daa1    0xf6  Code  Gb  start_ShunAn.o [1]
strchr                  0x00007ded          Code  Gb  strchr.o [5]
strlen                  0x00007e05          Code  Gb  strlen.o [5]
u8_ExInterface0_get     0x00006c9b     0xc  Code  Gb  Poet_InputInterface.o [1]
u8_ExInterface10_get    0x00006d13     0xc  Code  Gb  Poet_InputInterface.o [1]
u8_ExInterface1_get     0x00006ca7     0xc  Code  Gb  Poet_InputInterface.o [1]
u8_ExInterface2_get     0x00006cb3     0xc  Code  Gb  Poet_InputInterface.o [1]
u8_ExInterface3_get     0x00006cbf     0xc  Code  Gb  Poet_InputInterface.o [1]
u8_ExInterface4_get     0x00006ccb     0xc  Code  Gb  Poet_InputInterface.o [1]
u8_ExInterface5_get     0x00006cd7     0xc  Code  Gb  Poet_InputInterface.o [1]
u8_ExInterface6_get     0x00006ce3     0xc  Code  Gb  Poet_InputInterface.o [1]
u8_ExInterface7_get     0x00006cef     0xc  Code  Gb  Poet_InputInterface.o [1]
u8_ExInterface8_get     0x00006cfb     0xc  Code  Gb  Poet_InputInterface.o [1]
u8_ExInterface9_get     0x00006d07     0xc  Code  Gb  Poet_InputInterface.o [1]
u8_IIC_ReadReg          0x0000e36f    0xd2  Code  Gb  IIC.o [1]
u8_IIC_WriteReg         0x0000e2e5    0x8a  Code  Gb  IIC.o [1]
u8_SCCB_Data_RxByte     0x0000c9c1    0x90  Code  Gb  Poet_ImageBeholder.o [1]
u8_SCCB_Data_TxByte     0x0000c94d    0x74  Code  Gb  Poet_ImageBeholder.o [1]
u8_SCCB_ReadReg_u16     0x0000cb8b    0xae  Code  Gb  Poet_ImageBeholder.o [1]
u8_SCCB_Start           0x0000c82f    0xc0  Code  Gb  Poet_ImageBeholder.o [1]
u8_SCCB_Stop            0x0000c8ef    0x5e  Code  Gb  Poet_ImageBeholder.o [1]
u8_SCCB_WaitACK         0x0000ca51    0x94  Code  Gb  Poet_ImageBeholder.o [1]
u8_SCCB_WriteReg_u16    0x0000cc39    0x7e  Code  Gb  Poet_ImageBeholder.o [1]
vPtr_CheckLightingChaser
                        0x1ffffa7c     0x4  Data  Gb  ThePoet_ThePendulum.o [1]
v_65kcolor2Mono         0x000061b1    0x4e  Code  Gb  Poet_Revelation.o [1]
v_Beholder_Interupt_FuncPtr
                        0x0000d0f9   0x288  Code  Gb  Poet_ImageBeholder.o [1]
v_BuzzerBeepSet         0x000049f1    0x1a  Code  Gb  Poet_Buzzer.o [1]
v_Buzzer_Init           0x00004995    0x3a  Code  Gb  Poet_Buzzer.o [1]
v_Buzzer_OutPut         0x000049cf    0x22  Code  Gb  Poet_Buzzer.o [1]
v_ColorRev_Beholder_60_185_Output
                        0x00006407   0x10c  Code  Gb  Poet_Revelation.o [1]
v_ColorRev_PutPoint     0x000060f7    0xba  Code  Gb  Poet_Revelation.o [1]
v_ColorRevelation_Init  0x00005c6b   0x230  Code  Gb  Poet_Revelation.o [1]
v_ExInterface_Init      0x00006b85   0x116  Code  Gb  Poet_InputInterface.o [1]
v_IIC_Start_Transmission
                        0x0000e2cd    0x18  Code  Gb  IIC.o [1]
v_ImageBeholder_Information
                        0x00008803    0xba  Code  Gb  ThePoet_ThePendulum.o [1]
v_ImageCut              0x00000e91  0x37c2  Code  Gb  Pendulum_EndlessFormsMostBeautiful.o [1]
v_ImageCutInformationShow
                        0x00000695   0x33e  Code  Gb  Pendulum_EndlessFormsMostBeautiful.o [1]
v_ImageOptimalization   0x00004655   0x11e  Code  Gb  Pendulum_EndlessFormsMostBeautiful.o [1]
v_InputInterface_testing
                        0x000085a5    0xa8  Code  Gb  ThePoet_ThePendulum.o [1]
v_LightingChaser_Init   0x00004a0b    0x20  Code  Gb  Poet_Buzzer.o [1]
v_LoadingControlPara    0x00000e23    0x28  Code  Gb  Pendulum_EndlessFormsMostBeautiful.o [1]
v_ModeMachine_KeyInput_TurnCut
                        0x0000864d   0x1b6  Code  Gb  ThePoet_ThePendulum.o [1]
v_MonoRev_6x8Str        0x0000628b   0x124  Code  Gb  Poet_Revelation.o [1]
v_MonoRev_Fill          0x000061ff    0x8c  Code  Gb  Poet_Revelation.o [1]
v_MonoRev_Number        0x000063b5    0x52  Code  Gb  Poet_Revelation.o [1]
v_MonoRevelation_Init   0x00005e9b   0x1b6  Code  Gb  Poet_Revelation.o [1]
v_MonoShow_BlackBar     0x00006569    0x10  Code  Gb  Poet_Revelation.o [1]
v_MonoShow_BlackCutBar  0x00006599    0x10  Code  Gb  Poet_Revelation.o [1]
v_MonoShow_BlackRtAngle
                        0x00006579    0x10  Code  Gb  Poet_Revelation.o [1]
v_MonoShow_BlackTurning
                        0x00006589    0x10  Code  Gb  Poet_Revelation.o [1]
v_MonoShow_Buzzer       0x00006549    0x10  Code  Gb  Poet_Revelation.o [1]
v_MonoShow_OutOfTheRtAngle
                        0x000065a9    0x10  Code  Gb  Poet_Revelation.o [1]
v_MonoShow_isLonly      0x00006559    0x10  Code  Gb  Poet_Revelation.o [1]
v_Panel_DisplayCommandLine
                        0x000088ff   0x2d6  Code  Gb  ThePoet_ThePendulum.o [1]
v_Revelation_WriteBytes
                        0x00006051    0xa6  Code  Gb  Poet_Revelation.o [1]
v_SCCB_ACK              0x0000cae5    0x4a  Code  Gb  Poet_ImageBeholder.o [1]
v_SCCB_Delay_Time       0x0000c821     0xe  Code  Gb  Poet_ImageBeholder.o [1]
v_SCCB_Init             0x0000c7d9    0x46  Code  Gb  Poet_ImageBeholder.o [1]
v_SCCB_NoAck            0x0000cb2f    0x5c  Code  Gb  Poet_ImageBeholder.o [1]
v_Servo_Init            0x00005745    0xae  Code  Gb  Poet_Servo.o [1]
v_Servo_Out             0x000057f3    0x7e  Code  Gb  Poet_Servo.o [1]
v_UartInit              0x0000d44d    0xda  Code  Gb  Poet_Bluetooth.o [1]
v_UartSaveImage_sint16  0x0000d55f    0x7c  Code  Gb  Poet_Bluetooth.o [1]
v_UartTxImageSix2PC     0x0000d5db   0x1bc  Code  Gb  Poet_Bluetooth.o [1]
v_UartTxNeedtx          0x0000d557     0x8  Code  Gb  Poet_Bluetooth.o [1]
v_UartTxOne             0x0000d527    0x12  Code  Gb  Poet_Bluetooth.o [1]
v_UartTxStr             0x0000d539    0x1e  Code  Gb  Poet_Bluetooth.o [1]
v_Uart_GetPicture_InRunning
                        0x0000d79d   0x142  Code  Gb  Poet_Bluetooth.o [1]
v_Uart_SendPictures     0x0000d8e5   0x11c  Code  Gb  Poet_Bluetooth.o [1]
v_leftMotor_pwmOut      0x00004d6d   0x124  Code  Gb  Poet_Motor.o [1]
v_motor_Init            0x00004a6d   0x2f2  Code  Gb  Poet_Motor.o [1]
v_motor_doneFunc        0x0000045d   0x22e  Code  Gb  Pendulum_EndlessFormsMostBeautiful.o [1]
v_rightMotor_pwmOut     0x00004e91   0x124  Code  Gb  Poet_Motor.o [1]
v_setShutterTime        0x0000d43d    0x10  Code  Gb  Poet_ImageBeholder.o [1]
v_shudderBeforeReve_Init
                        0x00005a75   0x1f6  Code  Gb  Poet_Revelation.o [1]
v_speed_Give            0x000052f1   0x1ac  Code  Gb  Poet_Motor.o [1]
v_speed_Give_UsedsmallChange
                        0x000054dd   0x1ea  Code  Gb  Poet_Motor.o [1]
v_speed_set2pwm         0x00004fbd   0x31c  Code  Gb  Poet_Motor.o [1]
v_steer_set2pwm         0x00005915    0xee  Code  Gb  Poet_Servo.o [1]
v_systemPara_Init       0x00008bd5    0x30  Code  Gb  ThePoet_ThePendulum.o [1]
v_system_clocked        0x00008571    0x28  Code  Gb  ThePoet_ThePendulum.o [1]
v_system_clocker_user_done
                        0x0000c7d5     0x2  Code  Gb  main.o [1]
view_BeholderDataArray  0x1fff77e4  0x56b8  Data  Gb  Poet_ImageBeholder.o [1]
write_vtor              0x0000e189     0x6  Code  Gb  arm_cm4.o [1]


[1] = D:\´´×÷ÊÒ\·ÉË¼¿¨¶ûÖÇÄÜÐ¡³µ\Ë³°µÈýºÅ\´úÂë\Ë³°µÈýºÅ-»ªÄÏÈü×îºóÆßÌì-7.11\FLASH_1MB\Obj
[2] = command line
[3] = dl7M_tln.a
[4] = m7M_tlv.a
[5] = rt7M_tl.a
[6] = shb_l.a

  57 546 bytes of readonly  code memory
      76 bytes of readwrite code memory
   3 402 bytes of readonly  data memory
  63 023 bytes of readwrite data memory

Errors: none
Warnings: none
