###############################################################################
#                                                                             #
# IAR ANSI C/C++ Compiler V6.60.1.5097/W32 for ARM      22/Aug/2014  03:00:19 #
# Copyright 1999-2013 IAR Systems AB.                                         #
#                                                                             #
#    Cpu mode     =  thumb                                                    #
#    Endian       =  little                                                   #
#    Source file  =  D:\创作室\飞思卡尔智能小车\调试板\遥控器\Library\MK60F15 #
#                    .c                                                       #
#    Command line =  D:\创作室\飞思卡尔智能小车\调试板\遥控器\Library\MK60F15 #
#                    .c -D IAR -D TWR_K60F120M -lCN                           #
#                    D:\创作室\飞思卡尔智能小车\调试板\遥控器\RAM_128KB\List\ #
#                     -lB D:\创作室\飞思卡尔智能小车\调试板\遥控器\RAM_128KB\ #
#                    List\ -o D:\创作室\飞思卡尔智能小车\调试板\遥控器\RAM_12 #
#                    8KB\Obj\ --no_cse --no_unroll --no_inline                #
#                    --no_code_motion --no_tbaa --no_clustering               #
#                    --no_scheduling --debug --endian=little --cpu=Cortex-M4  #
#                    -e --fpu=None --dlib_config "C:\Program Files (x86)\IAR  #
#                    Systems\Embedded Workbench 6.5\arm\INC\c\DLib_Config_Nor #
#                    mal.h" -I D:\创作室\飞思卡尔智能小车\调试板\遥控器\ -I   #
#                    D:\创作室\飞思卡尔智能小车\调试板\遥控器\Library\ -I     #
#                    D:\创作室\飞思卡尔智能小车\调试板\遥控器\Library\Blessed #
#                    Alien\ -I D:\创作室\飞思卡尔智能小车\调试板\遥控器\ShunA #
#                    n_Panel\ -Ol --use_c++_inline                            #
#    List file    =  D:\创作室\飞思卡尔智能小车\调试板\遥控器\RAM_128KB\List\ #
#                    MK60F15.lst                                              #
#    Object file  =  D:\创作室\飞思卡尔智能小车\调试板\遥控器\RAM_128KB\Obj\M #
#                    K60F15.o                                                 #
#                                                                             #
#                                                                             #
###############################################################################

D:\创作室\飞思卡尔智能小车\调试板\遥控器\Library\MK60F15.c
      1          #include "MK60F15.h"


 

 


Errors: none
Warnings: none
