###############################################################################
#                                                                             #
#     IAR Assembler V6.60.1.5097/W32 for ARM 02/Sep/2014  21:05:37            #
#     Copyright 1999-2013 IAR Systems AB.                                     #
#                                                                             #
#           Source file   =  D:\创作室\飞思卡尔智能小车\调试板\遥控器\ShunAn_Panel\startup_ShunAn_K60FX512VLQ15.s#
#           List file     =  D:\创作室\飞思卡尔智能小车\调试板\遥控器\RAM_128KB\List\startup_ShunAn_K60FX512VLQ15.lst#
#           Object file   =  D:\创作室\飞思卡尔智能小车\调试板\遥控器\RAM_128KB\Obj\startup_ShunAn_K60FX512VLQ15.o#
#           Command line  =  D:\创作室\飞思卡尔智能小车\调试板\遥控器\ShunAn_Panel\startup_ShunAn_K60FX512VLQ15.s #
#                            -OD:\创作室\飞思卡尔智能小车\调试板\遥控器\RAM_128KB\Obj\ #
#                            -s+ -M<> -w+ -r                                  #
#                            -LD:\创作室\飞思卡尔智能小车\调试板\遥控器\RAM_128KB\List\ #
#                            -t8 --cpu Cortex-M4 --fpu None                   #
#                                                                             #
###############################################################################

    1                           /*
    2                           *文件名：              startup_ShunAn_K60FX512
                                VLQ15.s
    3                           *说明：                顺暗2号汇编启动文件
    4                           *所用芯片型号：        MK60FX512VLQ15
    5                           *创建时间：            2014/5/18
    6                           *作者：                中南大学弓箭
    7                           */
    8                           
    9                                   SECTION .noinit : CODE          ;
                                 //指定代码段：.noinit
   10                                   EXPORT  Reset_Handler           ;
                                 //定义 Reset_Handler 函数
   11                           Reset_Handler                          
                                 
   12                           
   13    00000000 4FF00000              MOV     r0,#0                   ;
                                                 //初始化寄存器
   14    00000004 4FF00001              MOV     r1,#0
   15    00000008 4FF00002              MOV     r2,#0
   16    0000000C 4FF00003              MOV     r3,#0
   17    00000010 4FF00004              MOV     r4,#0
   18    00000014 4FF00005              MOV     r5,#0
   19    00000018 4FF00006              MOV     r6,#0
   20    0000001C 4FF00007              MOV     r7,#0
   21    00000020 4FF00008              MOV     r8,#0
   22    00000024 4FF00009              MOV     r9,#0
   23    00000028 4FF0000A              MOV     r10,#0
   24    0000002C 4FF0000B              MOV     r11,#0
   25    00000030 4FF0000C              MOV     r12,#0
   26    00000034 62B6                  CPSIE   i                       ;
                                                 //使能所有中断
   27                                   import start
   28    00000036 ........              BL      start                  ;
                                                 //调用C语言函数start
   29                           __done
   30    0000003A FEE7                  B       __done
   31                           
   32                                   END  
##############################
#           CRC:0            #
#        Errors:   0         #
#        Warnings: 0         #
#         Bytes: 60          #
##############################



